Archive member included to satisfy reference by file (symbol)

C:\Users\marc\STM32CubeIDE\workspace_1.6.1\STM32F407VG_ADC_DAC_BTC_CPP\lib\libarm_cortexM4lf_math.a(arm_fir_init_f32.o)
                              Core/Src/dsp_fir_bass.o (arm_fir_init_f32)
C:\Users\marc\STM32CubeIDE\workspace_1.6.1\STM32F407VG_ADC_DAC_BTC_CPP\lib\libarm_cortexM4lf_math.a(arm_fir_f32.o)
                              Core/Src/dsp_fir_bass.o (arm_fir_f32)
C:\Users\marc\STM32CubeIDE\workspace_1.6.1\STM32F407VG_ADC_DAC_BTC_CPP\lib\libarm_cortexM4lf_math.a(arm_biquad_cascade_df2t_init_f32.o)
                              Core/Src/dsp_iir_biquad_bass.o (arm_biquad_cascade_df2T_init_f32)
C:\Users\marc\STM32CubeIDE\workspace_1.6.1\STM32F407VG_ADC_DAC_BTC_CPP\lib\libarm_cortexM4lf_math.a(arm_biquad_cascade_df2t_f32.o)
                              Core/Src/dsp_iir_biquad_bass.o (arm_biquad_cascade_df2T_f32)
f:/st/stm32cubeide_1.6.1/stm32cubeide/plugins/com.st.stm32cube.ide.mcu.externaltools.gnu-tools-for-stm32.9-2020-q2-update.win32_1.5.0.202011040924/tools/bin/../lib/gcc/arm-none-eabi/9.3.1/../../../../arm-none-eabi/lib/thumb/v7e-m+fp/hard\libstdc++_nano.a(del_ops.o)
                              Core/Src/dsp_biquad.o (operator delete(void*, unsigned int))
f:/st/stm32cubeide_1.6.1/stm32cubeide/plugins/com.st.stm32cube.ide.mcu.externaltools.gnu-tools-for-stm32.9-2020-q2-update.win32_1.5.0.202011040924/tools/bin/../lib/gcc/arm-none-eabi/9.3.1/../../../../arm-none-eabi/lib/thumb/v7e-m+fp/hard\libstdc++_nano.a(new_op.o)
                              Core/Src/dsp_biquad.o (operator new(unsigned int))
f:/st/stm32cubeide_1.6.1/stm32cubeide/plugins/com.st.stm32cube.ide.mcu.externaltools.gnu-tools-for-stm32.9-2020-q2-update.win32_1.5.0.202011040924/tools/bin/../lib/gcc/arm-none-eabi/9.3.1/../../../../arm-none-eabi/lib/thumb/v7e-m+fp/hard\libstdc++_nano.a(del_op.o)
                              f:/st/stm32cubeide_1.6.1/stm32cubeide/plugins/com.st.stm32cube.ide.mcu.externaltools.gnu-tools-for-stm32.9-2020-q2-update.win32_1.5.0.202011040924/tools/bin/../lib/gcc/arm-none-eabi/9.3.1/../../../../arm-none-eabi/lib/thumb/v7e-m+fp/hard\libstdc++_nano.a(del_ops.o) (operator delete(void*))
f:/st/stm32cubeide_1.6.1/stm32cubeide/plugins/com.st.stm32cube.ide.mcu.externaltools.gnu-tools-for-stm32.9-2020-q2-update.win32_1.5.0.202011040924/tools/bin/../lib/gcc/arm-none-eabi/9.3.1/../../../../arm-none-eabi/lib/thumb/v7e-m+fp/hard\libstdc++_nano.a(new_handler.o)
                              f:/st/stm32cubeide_1.6.1/stm32cubeide/plugins/com.st.stm32cube.ide.mcu.externaltools.gnu-tools-for-stm32.9-2020-q2-update.win32_1.5.0.202011040924/tools/bin/../lib/gcc/arm-none-eabi/9.3.1/../../../../arm-none-eabi/lib/thumb/v7e-m+fp/hard\libstdc++_nano.a(new_op.o) (std::get_new_handler())
f:/st/stm32cubeide_1.6.1/stm32cubeide/plugins/com.st.stm32cube.ide.mcu.externaltools.gnu-tools-for-stm32.9-2020-q2-update.win32_1.5.0.202011040924/tools/bin/../lib/gcc/arm-none-eabi/9.3.1/../../../../arm-none-eabi/lib/thumb/v7e-m+fp/hard\libm.a(lib_a-s_sin.o)
                              Core/Src/filter.o (sin)
f:/st/stm32cubeide_1.6.1/stm32cubeide/plugins/com.st.stm32cube.ide.mcu.externaltools.gnu-tools-for-stm32.9-2020-q2-update.win32_1.5.0.202011040924/tools/bin/../lib/gcc/arm-none-eabi/9.3.1/../../../../arm-none-eabi/lib/thumb/v7e-m+fp/hard\libm.a(lib_a-s_tan.o)
                              Core/Src/biquad.o (tan)
f:/st/stm32cubeide_1.6.1/stm32cubeide/plugins/com.st.stm32cube.ide.mcu.externaltools.gnu-tools-for-stm32.9-2020-q2-update.win32_1.5.0.202011040924/tools/bin/../lib/gcc/arm-none-eabi/9.3.1/../../../../arm-none-eabi/lib/thumb/v7e-m+fp/hard\libm.a(lib_a-w_pow.o)
                              Core/Src/biquad.o (pow)
f:/st/stm32cubeide_1.6.1/stm32cubeide/plugins/com.st.stm32cube.ide.mcu.externaltools.gnu-tools-for-stm32.9-2020-q2-update.win32_1.5.0.202011040924/tools/bin/../lib/gcc/arm-none-eabi/9.3.1/../../../../arm-none-eabi/lib/thumb/v7e-m+fp/hard\libm.a(lib_a-w_sqrt.o)
                              Core/Src/biquad.o (sqrt)
f:/st/stm32cubeide_1.6.1/stm32cubeide/plugins/com.st.stm32cube.ide.mcu.externaltools.gnu-tools-for-stm32.9-2020-q2-update.win32_1.5.0.202011040924/tools/bin/../lib/gcc/arm-none-eabi/9.3.1/../../../../arm-none-eabi/lib/thumb/v7e-m+fp/hard\libm.a(lib_a-wf_sqrt.o)
                              Core/Src/dsp_shelving.o (sqrtf)
f:/st/stm32cubeide_1.6.1/stm32cubeide/plugins/com.st.stm32cube.ide.mcu.externaltools.gnu-tools-for-stm32.9-2020-q2-update.win32_1.5.0.202011040924/tools/bin/../lib/gcc/arm-none-eabi/9.3.1/../../../../arm-none-eabi/lib/thumb/v7e-m+fp/hard\libm.a(lib_a-e_pow.o)
                              f:/st/stm32cubeide_1.6.1/stm32cubeide/plugins/com.st.stm32cube.ide.mcu.externaltools.gnu-tools-for-stm32.9-2020-q2-update.win32_1.5.0.202011040924/tools/bin/../lib/gcc/arm-none-eabi/9.3.1/../../../../arm-none-eabi/lib/thumb/v7e-m+fp/hard\libm.a(lib_a-w_pow.o) (__ieee754_pow)
[...]
Memory Configuration

Name             Origin             Length             Attributes
CCMRAM           0x0000000010000000 0x0000000000010000 xrw
RAM              0x0000000020000000 0x0000000000020000 xrw
FLASH            0x0000000008000000 0x0000000000100000 xr
*default*        0x0000000000000000 0xffffffffffffffff

Linker script and memory map

LOAD f:/st/stm32cubeide_1.6.1/stm32cubeide/plugins/com.st.stm32cube.ide.mcu.externaltools.gnu-tools-for-stm32.9-2020-q2-update.win32_1.5.0.202011040924/tools/bin/../lib/gcc/arm-none-eabi/9.3.1/thumb/v7e-m+fp/hard/crti.o
LOAD f:/st/stm32cubeide_1.6.1/stm32cubeide/plugins/com.st.stm32cube.ide.mcu.externaltools.gnu-tools-for-stm32.9-2020-q2-update.win32_1.5.0.202011040924/tools/bin/../lib/gcc/arm-none-eabi/9.3.1/thumb/v7e-m+fp/hard/crtbegin.o
LOAD f:/st/stm32cubeide_1.6.1/stm32cubeide/plugins/com.st.stm32cube.ide.mcu.externaltools.gnu-tools-for-stm32.9-2020-q2-update.win32_1.5.0.202011040924/tools/bin/../lib/gcc/arm-none-eabi/9.3.1/../../../../arm-none-eabi/lib/thumb/v7e-m+fp/hard/crt0.o
LOAD Core/Src/biquad.o
LOAD Core/Src/dsp_biquad.o
LOAD Core/Src/dsp_filter.o
LOAD Core/Src/dsp_fir.o
LOAD Core/Src/dsp_fir_bass.o
LOAD Core/Src/dsp_fir_bass_taps_21.o
LOAD Core/Src/dsp_fir_taps_21.o
LOAD Core/Src/dsp_fir_treble.o
LOAD Core/Src/dsp_fir_treble_taps_21.o
LOAD Core/Src/dsp_iir_biquad.o
LOAD Core/Src/dsp_iir_biquad_bass.o
LOAD Core/Src/dsp_iir_biquad_treble.o
LOAD Core/Src/dsp_main.o
LOAD Core/Src/dsp_shelving.o
LOAD Core/Src/dsp_simple.o
LOAD Core/Src/dsp_token.o
LOAD Core/Src/dsp_util.o
LOAD Core/Src/filter.o
LOAD Core/Src/global.o
LOAD Core/Src/main.o
LOAD Core/Src/stm32f4xx_hal_msp.o
LOAD Core/Src/stm32f4xx_it.o
LOAD Core/Src/syscalls.o
LOAD Core/Src/sysmem.o
LOAD Core/Src/system_stm32f4xx.o
LOAD Core/Src/tone_control.o
LOAD Core/Startup/startup_stm32f407vgtx.o
LOAD Drivers/STM32F4xx_HAL_Driver/Src/stm32f4xx_hal.o
LOAD Drivers/STM32F4xx_HAL_Driver/Src/stm32f4xx_hal_cortex.o
LOAD Drivers/STM32F4xx_HAL_Driver/Src/stm32f4xx_hal_dma.o
LOAD Drivers/STM32F4xx_HAL_Driver/Src/stm32f4xx_hal_dma_ex.o
LOAD Drivers/STM32F4xx_HAL_Driver/Src/stm32f4xx_hal_exti.o
LOAD Drivers/STM32F4xx_HAL_Driver/Src/stm32f4xx_hal_flash.o
LOAD Drivers/STM32F4xx_HAL_Driver/Src/stm32f4xx_hal_flash_ex.o
LOAD Drivers/STM32F4xx_HAL_Driver/Src/stm32f4xx_hal_flash_ramfunc.o
LOAD Drivers/STM32F4xx_HAL_Driver/Src/stm32f4xx_hal_gpio.o
LOAD Drivers/STM32F4xx_HAL_Driver/Src/stm32f4xx_hal_i2s.o
LOAD Drivers/STM32F4xx_HAL_Driver/Src/stm32f4xx_hal_i2s_ex.o
LOAD Drivers/STM32F4xx_HAL_Driver/Src/stm32f4xx_hal_pwr.o
LOAD Drivers/STM32F4xx_HAL_Driver/Src/stm32f4xx_hal_pwr_ex.o
LOAD Drivers/STM32F4xx_HAL_Driver/Src/stm32f4xx_hal_rcc.o
LOAD Drivers/STM32F4xx_HAL_Driver/Src/stm32f4xx_hal_rcc_ex.o
LOAD Drivers/STM32F4xx_HAL_Driver/Src/stm32f4xx_hal_tim.o
LOAD Drivers/STM32F4xx_HAL_Driver/Src/stm32f4xx_hal_tim_ex.o
LOAD Drivers/STM32F4xx_HAL_Driver/Src/stm32f4xx_hal_uart.o
LOAD C:\Users\marc\STM32CubeIDE\workspace_1.6.1\STM32F407VG_ADC_DAC_BTC_CPP\lib\libarm_cortexM4lf_math.a
START GROUP
LOAD C:\Users\marc\STM32CubeIDE\workspace_1.6.1\STM32F407VG_ADC_DAC_BTC_CPP\lib\libarm_cortexM4lf_math.a
END GROUP
START GROUP
LOAD f:/st/stm32cubeide_1.6.1/stm32cubeide/plugins/com.st.stm32cube.ide.mcu.externaltools.gnu-tools-for-stm32.9-2020-q2-update.win32_1.5.0.202011040924/tools/bin/../lib/gcc/arm-none-eabi/9.3.1/../../../../arm-none-eabi/lib/thumb/v7e-m+fp/hard\libstdc++_nano.a
LOAD f:/st/stm32cubeide_1.6.1/stm32cubeide/plugins/com.st.stm32cube.ide.mcu.externaltools.gnu-tools-for-stm32.9-2020-q2-update.win32_1.5.0.202011040924/tools/bin/../lib/gcc/arm-none-eabi/9.3.1/../../../../arm-none-eabi/lib/thumb/v7e-m+fp/hard\libsupc++_nano.a
END GROUP
LOAD f:/st/stm32cubeide_1.6.1/stm32cubeide/plugins/com.st.stm32cube.ide.mcu.externaltools.gnu-tools-for-stm32.9-2020-q2-update.win32_1.5.0.202011040924/tools/bin/../lib/gcc/arm-none-eabi/9.3.1/../../../../arm-none-eabi/lib/thumb/v7e-m+fp/hard\libstdc++_nano.a
LOAD f:/st/stm32cubeide_1.6.1/stm32cubeide/plugins/com.st.stm32cube.ide.mcu.externaltools.gnu-tools-for-stm32.9-2020-q2-update.win32_1.5.0.202011040924/tools/bin/../lib/gcc/arm-none-eabi/9.3.1/../../../../arm-none-eabi/lib/thumb/v7e-m+fp/hard\libm.a
LOAD f:/st/stm32cubeide_1.6.1/stm32cubeide/plugins/com.st.stm32cube.ide.mcu.externaltools.gnu-tools-for-stm32.9-2020-q2-update.win32_1.5.0.202011040924/tools/bin/../lib/gcc/arm-none-eabi/9.3.1/../../../../arm-none-eabi/lib/thumb/v7e-m+fp/hard\libc_nano.a
START GROUP
LOAD f:/st/stm32cubeide_1.6.1/stm32cubeide/plugins/com.st.stm32cube.ide.mcu.externaltools.gnu-tools-for-stm32.9-2020-q2-update.win32_1.5.0.202011040924/tools/bin/../lib/gcc/arm-none-eabi/9.3.1/thumb/v7e-m+fp/hard\libgcc.a
LOAD f:/st/stm32cubeide_1.6.1/stm32cubeide/plugins/com.st.stm32cube.ide.mcu.externaltools.gnu-tools-for-stm32.9-2020-q2-update.win32_1.5.0.202011040924/tools/bin/../lib/gcc/arm-none-eabi/9.3.1/../../../../arm-none-eabi/lib/thumb/v7e-m+fp/hard\libc_nano.a
END GROUP
START GROUP
LOAD f:/st/stm32cubeide_1.6.1/stm32cubeide/plugins/com.st.stm32cube.ide.mcu.externaltools.gnu-tools-for-stm32.9-2020-q2-update.win32_1.5.0.202011040924/tools/bin/../lib/gcc/arm-none-eabi/9.3.1/thumb/v7e-m+fp/hard\libgcc.a
LOAD f:/st/stm32cubeide_1.6.1/stm32cubeide/plugins/com.st.stm32cube.ide.mcu.externaltools.gnu-tools-for-stm32.9-2020-q2-update.win32_1.5.0.202011040924/tools/bin/../lib/gcc/arm-none-eabi/9.3.1/../../../../arm-none-eabi/lib/thumb/v7e-m+fp/hard\libc_nano.a
END GROUP
LOAD f:/st/stm32cubeide_1.6.1/stm32cubeide/plugins/com.st.stm32cube.ide.mcu.externaltools.gnu-tools-for-stm32.9-2020-q2-update.win32_1.5.0.202011040924/tools/bin/../lib/gcc/arm-none-eabi/9.3.1/thumb/v7e-m+fp/hard/crtend.o
LOAD f:/st/stm32cubeide_1.6.1/stm32cubeide/plugins/com.st.stm32cube.ide.mcu.externaltools.gnu-tools-for-stm32.9-2020-q2-update.win32_1.5.0.202011040924/tools/bin/../lib/gcc/arm-none-eabi/9.3.1/thumb/v7e-m+fp/hard/crtn.o
                0x0000000020020000                _estack = (ORIGIN (RAM) + LENGTH (RAM))
                0x0000000000000200                _Min_Heap_Size = 0x200
                0x0000000000000400                _Min_Stack_Size = 0x400

.isr_vector     0x0000000008000000      0x188
                0x0000000008000000                . = ALIGN (0x4)
 *(.isr_vector)
 .isr_vector    0x0000000008000000      0x188 Core/Startup/startup_stm32f407vgtx.o
                0x0000000008000000                g_pfnVectors
                0x0000000008000188                . = ALIGN (0x4)

.text           0x0000000008000188     0xa93c
                0x0000000008000188                . = ALIGN (0x4)
 *(.text)
 .text          0x0000000008000188       0x40 f:/st/stm32cubeide_1.6.1/stm32cubeide/plugins/com.st.stm32cube.ide.mcu.externaltools.gnu-tools-for-stm32.9-2020-q2-update.win32_1.5.0.202011040924/tools/bin/../lib/gcc/arm-none-eabi/9.3.1/thumb/v7e-m+fp/hard/crtbegin.o
 .text          0x00000000080001c8       0x10 f:/st/stm32cubeide_1.6.1/stm32cubeide/plugins/com.st.stm32cube.ide.mcu.externaltools.gnu-tools-for-stm32.9-2020-q2-update.win32_1.5.0.202011040924/tools/bin/../lib/gcc/arm-none-eabi/9.3.1/../../../../arm-none-eabi/lib/thumb/v7e-m+fp/hard\libc_nano.a(lib_a-strlen.o)
                0x00000000080001c8                strlen
 .text          0x00000000080001d8      0x378 f:/st/stm32cubeide_1.6.1/stm32cubeide/plugins/com.st.stm32cube.ide.mcu.externaltools.gnu-tools-for-stm32.9-2020-q2-update.win32_1.5.0.202011040924/tools/bin/../lib/gcc/arm-none-eabi/9.3.1/thumb/v7e-m+fp/hard\libgcc.a(_arm_addsubdf3.o)
                0x00000000080001d8                __aeabi_drsub
                0x00000000080001e0                __aeabi_dsub
                0x00000000080001e0                __subdf3
                0x00000000080001e4                __aeabi_dadd
                0x00000000080001e4                __adddf3
                0x000000000800045c                __floatunsidf
                0x000000000800045c                __aeabi_ui2d
                0x000000000800047c                __floatsidf
                0x000000000800047c                __aeabi_i2d
                0x00000000080004a0                __aeabi_f2d
                0x00000000080004a0                __extendsfdf2
                0x00000000080004e4                __floatundidf
                0x00000000080004e4                __aeabi_ul2d
                0x00000000080004f4                __floatdidf
                0x00000000080004f4                __aeabi_l2d
 .text          0x0000000008000550      0x424 f:/st/stm32cubeide_1.6.1/stm32cubeide/plugins/com.st.stm32cube.ide.mcu.externaltools.gnu-tools-for-stm32.9-2020-q2-update.win32_1.5.0.202011040924/tools/bin/../lib/gcc/arm-none-eabi/9.3.1/thumb/v7e-m+fp/hard\libgcc.a(_arm_muldivdf3.o)
                0x0000000008000550                __aeabi_dmul
                0x0000000008000550                __muldf3
                0x00000000080007a4                __divdf3
                0x00000000080007a4                __aeabi_ddiv
 .text          0x0000000008000974      0x110 f:/st/stm32cubeide_1.6.1/stm32cubeide/plugins/com.st.stm32cube.ide.mcu.externaltools.gnu-tools-for-stm32.9-2020-q2-update.win32_1.5.0.202011040924/tools/bin/../lib/gcc/arm-none-eabi/9.3.1/thumb/v7e-m+fp/hard\libgcc.a(_arm_cmpdf2.o)
                0x0000000008000974                __gtdf2
                0x0000000008000974                __gedf2
                0x000000000800097c                __ltdf2
                0x000000000800097c                __ledf2
                0x0000000008000984                __nedf2
                0x0000000008000984                __eqdf2
                0x0000000008000984                __cmpdf2
                0x0000000008000a00                __aeabi_cdrcmple
                0x0000000008000a10                __aeabi_cdcmpeq
                0x0000000008000a10                __aeabi_cdcmple
                0x0000000008000a20                __aeabi_dcmpeq
                0x0000000008000a34                __aeabi_dcmplt
                0x0000000008000a48                __aeabi_dcmple
                0x0000000008000a5c                __aeabi_dcmpge
                0x0000000008000a70                __aeabi_dcmpgt
 .text          0x0000000008000a84       0x2c f:/st/stm32cubeide_1.6.1/stm32cubeide/plugins/com.st.stm32cube.ide.mcu.externaltools.gnu-tools-for-stm32.9-2020-q2-update.win32_1.5.0.202011040924/tools/bin/../lib/gcc/arm-none-eabi/9.3.1/thumb/v7e-m+fp/hard\libgcc.a(_arm_unorddf2.o)
                0x0000000008000a84                __unorddf2
                0x0000000008000a84                __aeabi_dcmpun
 .text          0x0000000008000ab0       0x50 f:/st/stm32cubeide_1.6.1/stm32cubeide/plugins/com.st.stm32cube.ide.mcu.externaltools.gnu-tools-for-stm32.9-2020-q2-update.win32_1.5.0.202011040924/tools/bin/../lib/gcc/arm-none-eabi/9.3.1/thumb/v7e-m+fp/hard\libgcc.a(_arm_fixdfsi.o)
                0x0000000008000ab0                __aeabi_d2iz
                0x0000000008000ab0                __fixdfsi
 .text          0x0000000008000b00       0x30 f:/st/stm32cubeide_1.6.1/stm32cubeide/plugins/com.st.stm32cube.ide.mcu.externaltools.gnu-tools-for-stm32.9-2020-q2-update.win32_1.5.0.202011040924/tools/bin/../lib/gcc/arm-none-eabi/9.3.1/thumb/v7e-m+fp/hard\libgcc.a(_aeabi_uldivmod.o)
                0x0000000008000b00                __aeabi_uldivmod
 .text          0x0000000008000b30      0x2c4 f:/st/stm32cubeide_1.6.1/stm32cubeide/plugins/com.st.stm32cube.ide.mcu.externaltools.gnu-tools-for-stm32.9-2020-q2-update.win32_1.5.0.202011040924/tools/bin/../lib/gcc/arm-none-eabi/9.3.1/thumb/v7e-m+fp/hard\libgcc.a(_udivmoddi4.o)
                0x0000000008000b30                __udivmoddi4
 .text          0x0000000008000df4        0x4 f:/st/stm32cubeide_1.6.1/stm32cubeide/plugins/com.st.stm32cube.ide.mcu.externaltools.gnu-tools-for-stm32.9-2020-q2-update.win32_1.5.0.202011040924/tools/bin/../lib/gcc/arm-none-eabi/9.3.1/thumb/v7e-m+fp/hard\libgcc.a(_dvmd_tls.o)
                0x0000000008000df4                __aeabi_idiv0
                0x0000000008000df4                __aeabi_ldiv0
 *(.text*)
 .text._ZN6BiquadC2Eiddd
                0x0000000008000df8       0x50 Core/Src/biquad.o
                0x0000000008000df8                Biquad::Biquad(int, double, double, double)
                0x0000000008000df8                Biquad::Biquad(int, double, double, double)
 .text._ZN6BiquadD2Ev
                0x0000000008000e48       0x16 Core/Src/biquad.o
                0x0000000008000e48                Biquad::~Biquad()
                0x0000000008000e48                Biquad::~Biquad()
 .text._ZN6Biquad11setPeakGainEd
                0x0000000008000e5e       0x24 Core/Src/biquad.o
                0x0000000008000e5e                Biquad::setPeakGain(double)
 .text._ZN6Biquad9setBiquadEiddd
                0x0000000008000e82       0x42 Core/Src/biquad.o
                0x0000000008000e82                Biquad::setBiquad(int, double, double, double)
 .text._ZSt4sqrtIiEN9__gnu_cxx11__enable_ifIXsrSt12__is_integerIT_E7__valueEdE6__typeES3_
                0x0000000008000ec4       0x30 Core/Src/biquad.o
                0x0000000008000ec4                __gnu_cxx::__enable_if<std::__is_integer<int>::__value, double>::__type std::sqrt<int>(int)
 *fill*         0x0000000008000ef4        0x4 
 .text._ZN6Biquad10calcBiquadEv
                0x0000000008000ef8     0x1348 Core/Src/biquad.o
                0x0000000008000ef8                Biquad::calcBiquad()
 .text._ZSt3powIidEN9__gnu_cxx11__promote_2IT_T0_NS0_9__promoteIS2_XsrSt12__is_integerIS2_E7__valueEE6__typeENS4_IS3_XsrS5_IS3_E7__valueEE6__typeEE6__typeES2_S3_
                0x0000000008002240       0x38 Core/Src/biquad.o
                0x0000000008002240                __gnu_cxx::__promote_2<int, double, __gnu_cxx::__promote<int, std::__is_integer<int>::__value>::__type, __gnu_cxx::__promote<double, std::__is_integer<double>::__value>::__type>::__type std::pow<int, double>(int, double)
 .text._Z20get_biquad_for_level20tone_intensity_level
                0x0000000008002278      0x180 Core/Src/dsp_biquad.o
                0x0000000008002278                get_biquad_for_level(tone_intensity_level)
 .text._Z29set_dsp_biquad_bass_for_level20tone_intensity_level
                0x00000000080023f8       0x84 Core/Src/dsp_biquad.o
                0x00000000080023f8                set_dsp_biquad_bass_for_level(tone_intensity_level)
 .text._Z31set_dsp_biquad_treble_for_level20tone_intensity_level
                0x000000000800247c       0x84 Core/Src/dsp_biquad.o
                0x000000000800247c                set_dsp_biquad_treble_for_level(tone_intensity_level)
 .text._Z15init_dsp_biquadv
                0x0000000008002500       0x14 Core/Src/dsp_biquad.o
                0x0000000008002500                init_dsp_biquad()
 *fill*         0x0000000008002514        0x4 
 .text._Z24get_dsp_filter_for_level20tone_intensity_level
                0x0000000008002518      0x168 Core/Src/dsp_filter.o
                0x0000000008002518                get_dsp_filter_for_level(tone_intensity_level)
 .text._Z29set_dsp_filter_bass_for_level20tone_intensity_level
                0x0000000008002680       0x84 Core/Src/dsp_filter.o
                0x0000000008002680                set_dsp_filter_bass_for_level(tone_intensity_level)
 .text._Z31set_dsp_filter_treble_for_level20tone_intensity_level
                0x0000000008002704       0x84 Core/Src/dsp_filter.o
                0x0000000008002704                set_dsp_filter_treble_for_level(tone_intensity_level)
 .text._Z15init_dsp_filterv
                0x0000000008002788       0x14 Core/Src/dsp_filter.o
                0x0000000008002788                init_dsp_filter()
 .text._Z12init_dsp_firv
                0x000000000800279c       0x10 Core/Src/dsp_fir.o
                0x000000000800279c                init_dsp_fir()
 .text._Z17init_dsp_fir_bassv
                0x00000000080027ac       0x3c Core/Src/dsp_fir_bass.o
                0x00000000080027ac                init_dsp_fir_bass()
 .text._Z19init_dsp_fir_treblev
                0x00000000080027e8       0x3c Core/Src/dsp_fir_treble.o
                0x00000000080027e8                init_dsp_fir_treble()
 .text._Z32process_dsp_iir_biquad_bass_leftPfS_i
                0x0000000008002824       0x30 Core/Src/dsp_iir_biquad.o
                0x0000000008002824                process_dsp_iir_biquad_bass_left(float*, float*, int)
 .text._Z33process_dsp_iir_biquad_bass_rightPfS_i
                0x0000000008002854       0x30 Core/Src/dsp_iir_biquad.o
                0x0000000008002854                process_dsp_iir_biquad_bass_right(float*, float*, int)
 .text._Z34process_dsp_iir_biquad_treble_leftPfS_i
                0x0000000008002884       0x30 Core/Src/dsp_iir_biquad.o
                0x0000000008002884                process_dsp_iir_biquad_treble_left(float*, float*, int)
 .text._Z35process_dsp_iir_biquad_treble_rightPfS_i
                0x00000000080028b4       0x30 Core/Src/dsp_iir_biquad.o
                0x00000000080028b4                process_dsp_iir_biquad_treble_right(float*, float*, int)
 .text._Z19init_dsp_iir_biquadv
                0x00000000080028e4       0x10 Core/Src/dsp_iir_biquad.o
                0x00000000080028e4                init_dsp_iir_biquad()
 .text._Z24init_dsp_iir_biquad_bassv
                0x00000000080028f4       0x30 Core/Src/dsp_iir_biquad_bass.o
                0x00000000080028f4                init_dsp_iir_biquad_bass()
 .text._Z40get_dsp_iir_biquad_bass_coeffs_for_level20tone_intensity_level
                0x0000000008002924       0x90 Core/Src/dsp_iir_biquad_bass.o
                0x0000000008002924                get_dsp_iir_biquad_bass_coeffs_for_level(tone_intensity_level)
 .text._Z32process_dsp_iir_biquad_left_bassPfS_20tone_intensity_level
                0x00000000080029b4       0x48 Core/Src/dsp_iir_biquad_bass.o
                0x00000000080029b4                process_dsp_iir_biquad_left_bass(float*, float*, tone_intensity_level)
 .text._Z33process_dsp_iir_biquad_right_bassPfS_20tone_intensity_level
                0x00000000080029fc       0x48 Core/Src/dsp_iir_biquad_bass.o
                0x00000000080029fc                process_dsp_iir_biquad_right_bass(float*, float*, tone_intensity_level)
 .text._Z26init_dsp_iir_biquad_treblev
                0x0000000008002a44       0x30 Core/Src/dsp_iir_biquad_treble.o
                0x0000000008002a44                init_dsp_iir_biquad_treble()
 .text._Z42get_dsp_iir_biquad_treble_coeffs_for_level20tone_intensity_level
                0x0000000008002a74       0x90 Core/Src/dsp_iir_biquad_treble.o
                0x0000000008002a74                get_dsp_iir_biquad_treble_coeffs_for_level(tone_intensity_level)
 .text._Z34process_dsp_iir_biquad_left_treblePfS_20tone_intensity_level
                0x0000000008002b04       0x48 Core/Src/dsp_iir_biquad_treble.o
                0x0000000008002b04                process_dsp_iir_biquad_left_treble(float*, float*, tone_intensity_level)
 .text._Z35process_dsp_iir_biquad_right_treblePfS_20tone_intensity_level
                0x0000000008002b4c       0x48 Core/Src/dsp_iir_biquad_treble.o
                0x0000000008002b4c                process_dsp_iir_biquad_right_treble(float*, float*, tone_intensity_level)
 .text._Z8init_dspv
                0x0000000008002b94       0x18 Core/Src/dsp_main.o
                0x0000000008002b94                init_dsp()
 .text._Z17process_dsp_clearPfi
                0x0000000008002bac       0x22 Core/Src/dsp_main.o
                0x0000000008002bac                process_dsp_clear(float*, int)
 .text._Z23process_dsp_with_factorPfS_if
                0x0000000008002bce       0x58 Core/Src/dsp_main.o
                0x0000000008002bce                process_dsp_with_factor(float*, float*, int, float)
 *fill*         0x0000000008002c26        0x2 
 .text._Z24process_dsp_balance_leftPfS_i
                0x0000000008002c28       0x58 Core/Src/dsp_main.o
                0x0000000008002c28                process_dsp_balance_left(float*, float*, int)
 .text._Z25process_dsp_balance_rightPfS_i
                0x0000000008002c80       0x58 Core/Src/dsp_main.o
                0x0000000008002c80                process_dsp_balance_right(float*, float*, int)
 .text._Z18process_dsp_volumePfS_i
                0x0000000008002cd8       0x44 Core/Src/dsp_main.o
                0x0000000008002cd8                process_dsp_volume(float*, float*, int)
 .text._Z16process_dsp_leftPfS_i
                0x0000000008002d1c      0x110 Core/Src/dsp_main.o
                0x0000000008002d1c                process_dsp_left(float*, float*, int)
 .text._Z17process_dsp_rightPfS_i
                0x0000000008002e2c      0x114 Core/Src/dsp_main.o
                0x0000000008002e2c                process_dsp_right(float*, float*, int)
 .text._Z11process_dspPfS_S_S_i
                0x0000000008002f40       0x2a Core/Src/dsp_main.o
                0x0000000008002f40                process_dsp(float*, float*, float*, float*, int)
 .text._Z12locate_tokenPciPi
                0x0000000008002f6a       0x4c Core/Src/dsp_token.o
                0x0000000008002f6a                locate_token(char*, int, int*)
 *fill*         0x0000000008002fb6        0x2 
 .text._Z15get_token_valuePctPiS0_
                0x0000000008002fb8      0x124 Core/Src/dsp_token.o
                0x0000000008002fb8                get_token_value(char*, unsigned short, int*, int*)
 .text._Z13process_tokenii
                0x00000000080030dc       0x34 Core/Src/dsp_token.o
                0x00000000080030dc                process_token(int, int)
 .text._Z21process_token_updatesPc
                0x0000000008003110       0x76 Core/Src/dsp_token.o
                0x0000000008003110                process_token_updates(char*)
 .text._Z14string_comparePKcS0_t
                0x0000000008003186       0x60 Core/Src/dsp_util.o
                0x0000000008003186                string_compare(char const*, char const*, unsigned short)
 .text._Z8char2intPKcj
                0x00000000080031e6       0xb2 Core/Src/dsp_util.o
                0x00000000080031e6                char2int(char const*, unsigned int)
 .text._Z8int2chariPc
                0x0000000008003298       0xa4 Core/Src/dsp_util.o
                0x0000000008003298                int2char(int, char*)
 .text._Z8dsp_copyPfS_i
                0x000000000800333c       0x22 Core/Src/dsp_util.o
                0x000000000800333c                dsp_copy(float*, float*, int)
 *fill*         0x000000000800335e        0x2 
 .text._ZN6FilterC2E10filterTypeidd
                0x0000000008003360      0x188 Core/Src/filter.o
                0x0000000008003360                Filter::Filter(filterType, int, double, double)
                0x0000000008003360                Filter::Filter(filterType, int, double, double)
 .text._ZN6FilterD2Ev
                0x00000000080034e8       0x36 Core/Src/filter.o
                0x00000000080034e8                Filter::~Filter()
                0x00000000080034e8                Filter::~Filter()
 *fill*         0x000000000800351e        0x2 
 .text._ZN6Filter9designLPFEv
                0x0000000008003520      0x114 Core/Src/filter.o
                0x0000000008003520                Filter::designLPF()
 *fill*         0x0000000008003634        0x4 
 .text._ZN6Filter9designHPFEv
                0x0000000008003638      0x12c Core/Src/filter.o
                0x0000000008003638                Filter::designHPF()
 .text._ZN6Filter4initEv
                0x0000000008003764       0x4c Core/Src/filter.o
                0x0000000008003764                Filter::init()
 .text.main     0x00000000080037b0      0x144 Core/Src/main.o
                0x00000000080037b0                main
 .text._Z16process_dsp_halfi
                0x00000000080038f4       0x3c Core/Src/main.o
                0x00000000080038f4                process_dsp_half(int)
 .text._Z11copyRxToSrci
                0x0000000008003930       0xa8 Core/Src/main.o
                0x0000000008003930                copyRxToSrc(int)
 .text._Z12copyDestToTxi
                0x00000000080039d8       0xb8 Core/Src/main.o
                0x00000000080039d8                copyDestToTx(int)
 .text._Z18SystemClock_Configv
                0x0000000008003a90      0x120 Core/Src/main.o
                0x0000000008003a90                SystemClock_Config()
 .text._ZL12MX_I2S2_Initv
                0x0000000008003bb0       0x68 Core/Src/main.o
 .text._ZL12MX_I2S3_Initv
                0x0000000008003c18       0x68 Core/Src/main.o
 .text._ZL12MX_TIM2_Initv
                0x0000000008003c80       0xb8 Core/Src/main.o
 .text._ZL19MX_USART2_UART_Initv
                0x0000000008003d38       0x5c Core/Src/main.o
 .text._ZL11MX_DMA_Initv
                0x0000000008003d94       0x50 Core/Src/main.o
 .text._ZL12MX_GPIO_Initv
                0x0000000008003de4       0x6c Core/Src/main.o
 .text.HAL_I2S_TxCpltCallback
                0x0000000008003e50       0x20 Core/Src/main.o
                0x0000000008003e50                HAL_I2S_TxCpltCallback
 .text.HAL_I2S_RxCpltCallback
                0x0000000008003e70       0x20 Core/Src/main.o
                0x0000000008003e70                HAL_I2S_RxCpltCallback
 .text.HAL_I2S_TxHalfCpltCallback
                0x0000000008003e90       0x20 Core/Src/main.o
                0x0000000008003e90                HAL_I2S_TxHalfCpltCallback
 .text.HAL_I2S_RxHalfCpltCallback
                0x0000000008003eb0       0x20 Core/Src/main.o
                0x0000000008003eb0                HAL_I2S_RxHalfCpltCallback
 .text.Error_Handler
                0x0000000008003ed0        0xe Core/Src/main.o
                0x0000000008003ed0                Error_Handler
 *fill*         0x0000000008003ede        0x2 
 .text.HAL_MspInit
                0x0000000008003ee0       0x50 Core/Src/stm32f4xx_hal_msp.o
                0x0000000008003ee0                HAL_MspInit
 .text.HAL_I2S_MspInit
                0x0000000008003f30      0x24c Core/Src/stm32f4xx_hal_msp.o
                0x0000000008003f30                HAL_I2S_MspInit
 .text.HAL_TIM_Base_MspInit
                0x000000000800417c       0x4c Core/Src/stm32f4xx_hal_msp.o
                0x000000000800417c                HAL_TIM_Base_MspInit
 .text.HAL_UART_MspInit
                0x00000000080041c8       0xa0 Core/Src/stm32f4xx_hal_msp.o
                0x00000000080041c8                HAL_UART_MspInit
 .text.NMI_Handler
                0x0000000008004268        0x6 Core/Src/stm32f4xx_it.o
                0x0000000008004268                NMI_Handler
 .text.HardFault_Handler
                0x000000000800426e        0x6 Core/Src/stm32f4xx_it.o
                0x000000000800426e                HardFault_Handler
 .text.MemManage_Handler
                0x0000000008004274        0x6 Core/Src/stm32f4xx_it.o
                0x0000000008004274                MemManage_Handler
 .text.BusFault_Handler
                0x000000000800427a        0x6 Core/Src/stm32f4xx_it.o
                0x000000000800427a                BusFault_Handler
 .text.UsageFault_Handler
                0x0000000008004280        0x6 Core/Src/stm32f4xx_it.o
                0x0000000008004280                UsageFault_Handler
 .text.SVC_Handler
                0x0000000008004286        0xe Core/Src/stm32f4xx_it.o
                0x0000000008004286                SVC_Handler
 .text.DebugMon_Handler
                0x0000000008004294        0xe Core/Src/stm32f4xx_it.o
                0x0000000008004294                DebugMon_Handler
 .text.PendSV_Handler
                0x00000000080042a2        0xe Core/Src/stm32f4xx_it.o
                0x00000000080042a2                PendSV_Handler
 .text.SysTick_Handler
                0x00000000080042b0        0xc Core/Src/stm32f4xx_it.o
                0x00000000080042b0                SysTick_Handler
 .text.DMA1_Stream3_IRQHandler
                0x00000000080042bc       0x14 Core/Src/stm32f4xx_it.o
                0x00000000080042bc                DMA1_Stream3_IRQHandler
 .text.DMA1_Stream5_IRQHandler
                0x00000000080042d0       0x14 Core/Src/stm32f4xx_it.o
                0x00000000080042d0                DMA1_Stream5_IRQHandler
 .text.TIM2_IRQHandler
                0x00000000080042e4       0x5c Core/Src/stm32f4xx_it.o
                0x00000000080042e4                TIM2_IRQHandler
 .text.USART2_IRQHandler
                0x0000000008004340       0x14 Core/Src/stm32f4xx_it.o
                0x0000000008004340                USART2_IRQHandler
 .text.HAL_UART_RxCpltCallback
                0x0000000008004354       0x6c Core/Src/stm32f4xx_it.o
                0x0000000008004354                HAL_UART_RxCpltCallback
 .text.HAL_UART_TxCpltCallback
                0x00000000080043c0       0x6c Core/Src/stm32f4xx_it.o
                0x00000000080043c0                HAL_UART_TxCpltCallback
 .text.HAL_UART_ErrorCallback
                0x000000000800442c       0x5c Core/Src/stm32f4xx_it.o
                0x000000000800442c                HAL_UART_ErrorCallback
 .text._getpid  0x0000000008004488       0x10 Core/Src/syscalls.o
                0x0000000008004488                _getpid
 .text._kill    0x0000000008004498       0x20 Core/Src/syscalls.o
                0x0000000008004498                _kill
 .text._exit    0x00000000080044b8       0x14 Core/Src/syscalls.o
                0x00000000080044b8                _exit
 .text._sbrk    0x00000000080044cc       0x6c Core/Src/sysmem.o
                0x00000000080044cc                _sbrk
 .text.SystemInit
                0x0000000008004538       0x24 Core/Src/system_stm32f4xx.o
                0x0000000008004538                SystemInit
 .text._Z9get_leveli
                0x000000000800455c       0x66 Core/Src/tone_control.o
                0x000000000800455c                get_level(int)
 *fill*         0x00000000080045c2        0x2 
 .text._Z29process_levels_update_messagev
                0x00000000080045c4      0x120 Core/Src/tone_control.o
                0x00000000080045c4                process_levels_update_message()
 .text._Z24process_received_messagev
                0x00000000080046e4       0x14 Core/Src/tone_control.o
                0x00000000080046e4                process_received_message()
 .text.Reset_Handler
                0x00000000080046f8       0x50 Core/Startup/startup_stm32f407vgtx.o
                0x00000000080046f8                Reset_Handler
 .text.Default_Handler
                0x0000000008004748        0x2 Core/Startup/startup_stm32f407vgtx.o
                0x0000000008004748                RTC_Alarm_IRQHandler
                0x0000000008004748                HASH_RNG_IRQHandler
                0x0000000008004748                EXTI2_IRQHandler
                0x0000000008004748                TIM8_CC_IRQHandler
                0x0000000008004748                TIM1_CC_IRQHandler
                0x0000000008004748                DMA2_Stream5_IRQHandler
                0x0000000008004748                PVD_IRQHandler
                0x0000000008004748                SDIO_IRQHandler
                0x0000000008004748                TAMP_STAMP_IRQHandler
                0x0000000008004748                CAN2_RX1_IRQHandler
                0x0000000008004748                EXTI3_IRQHandler
                0x0000000008004748                TIM8_TRG_COM_TIM14_IRQHandler
                0x0000000008004748                TIM1_UP_TIM10_IRQHandler
                0x0000000008004748                TIM8_UP_TIM13_IRQHandler
                0x0000000008004748                I2C3_ER_IRQHandler
                0x0000000008004748                EXTI0_IRQHandler
                0x0000000008004748                I2C2_EV_IRQHandler
                0x0000000008004748                DMA1_Stream2_IRQHandler
                0x0000000008004748                CAN1_RX0_IRQHandler
                0x0000000008004748                FPU_IRQHandler
                0x0000000008004748                OTG_HS_WKUP_IRQHandler
                0x0000000008004748                CAN2_SCE_IRQHandler
                0x0000000008004748                DMA2_Stream2_IRQHandler
                0x0000000008004748                SPI1_IRQHandler
                0x0000000008004748                TIM6_DAC_IRQHandler
                0x0000000008004748                TIM1_BRK_TIM9_IRQHandler
                0x0000000008004748                DCMI_IRQHandler
                0x0000000008004748                CAN2_RX0_IRQHandler
                0x0000000008004748                DMA2_Stream3_IRQHandler
                0x0000000008004748                USART6_IRQHandler
                0x0000000008004748                USART3_IRQHandler
                0x0000000008004748                CAN1_RX1_IRQHandler
                0x0000000008004748                UART5_IRQHandler
                0x0000000008004748                DMA2_Stream0_IRQHandler
                0x0000000008004748                TIM4_IRQHandler
                0x0000000008004748                I2C1_EV_IRQHandler
                0x0000000008004748                DMA1_Stream6_IRQHandler
                0x0000000008004748                DMA1_Stream1_IRQHandler
                0x0000000008004748                UART4_IRQHandler
                0x0000000008004748                TIM3_IRQHandler
                0x0000000008004748                RCC_IRQHandler
                0x0000000008004748                TIM8_BRK_TIM12_IRQHandler
                0x0000000008004748                Default_Handler
                0x0000000008004748                EXTI15_10_IRQHandler
                0x0000000008004748                ADC_IRQHandler
                0x0000000008004748                DMA1_Stream7_IRQHandler
                0x0000000008004748                TIM7_IRQHandler
                0x0000000008004748                CAN2_TX_IRQHandler
                0x0000000008004748                TIM5_IRQHandler
                0x0000000008004748                DMA2_Stream7_IRQHandler
                0x0000000008004748                I2C3_EV_IRQHandler
                0x0000000008004748                EXTI9_5_IRQHandler
                0x0000000008004748                RTC_WKUP_IRQHandler
                0x0000000008004748                ETH_WKUP_IRQHandler
                0x0000000008004748                SPI2_IRQHandler
                0x0000000008004748                OTG_HS_EP1_IN_IRQHandler
                0x0000000008004748                DMA1_Stream0_IRQHandler
                0x0000000008004748                CAN1_TX_IRQHandler
                0x0000000008004748                EXTI4_IRQHandler
                0x0000000008004748                FSMC_IRQHandler
                0x0000000008004748                ETH_IRQHandler
                0x0000000008004748                OTG_HS_EP1_OUT_IRQHandler
                0x0000000008004748                WWDG_IRQHandler
                0x0000000008004748                OTG_FS_WKUP_IRQHandler
                0x0000000008004748                TIM1_TRG_COM_TIM11_IRQHandler
                0x0000000008004748                OTG_HS_IRQHandler
                0x0000000008004748                EXTI1_IRQHandler
                0x0000000008004748                I2C2_ER_IRQHandler
                0x0000000008004748                DMA2_Stream1_IRQHandler
                0x0000000008004748                CAN1_SCE_IRQHandler
                0x0000000008004748                FLASH_IRQHandler
                0x0000000008004748                DMA2_Stream4_IRQHandler
                0x0000000008004748                USART1_IRQHandler
                0x0000000008004748                OTG_FS_IRQHandler
                0x0000000008004748                SPI3_IRQHandler
                0x0000000008004748                DMA1_Stream4_IRQHandler
                0x0000000008004748                I2C1_ER_IRQHandler
                0x0000000008004748                DMA2_Stream6_IRQHandler
 *fill*         0x000000000800474a        0x2 
 .text.HAL_Init
                0x000000000800474c       0x44 Drivers/STM32F4xx_HAL_Driver/Src/stm32f4xx_hal.o
                0x000000000800474c                HAL_Init
 .text.HAL_InitTick
                0x0000000008004790       0x60 Drivers/STM32F4xx_HAL_Driver/Src/stm32f4xx_hal.o
                0x0000000008004790                HAL_InitTick
 .text.HAL_IncTick
                0x00000000080047f0       0x28 Drivers/STM32F4xx_HAL_Driver/Src/stm32f4xx_hal.o
                0x00000000080047f0                HAL_IncTick
 .text.HAL_GetTick
                0x0000000008004818       0x18 Drivers/STM32F4xx_HAL_Driver/Src/stm32f4xx_hal.o
                0x0000000008004818                HAL_GetTick
 .text.HAL_Delay
                0x0000000008004830       0x48 Drivers/STM32F4xx_HAL_Driver/Src/stm32f4xx_hal.o
                0x0000000008004830                HAL_Delay
 .text.__NVIC_SetPriorityGrouping
                0x0000000008004878       0x48 Drivers/STM32F4xx_HAL_Driver/Src/stm32f4xx_hal_cortex.o
 .text.__NVIC_GetPriorityGrouping
                0x00000000080048c0       0x1c Drivers/STM32F4xx_HAL_Driver/Src/stm32f4xx_hal_cortex.o
 .text.__NVIC_EnableIRQ
                0x00000000080048dc       0x3c Drivers/STM32F4xx_HAL_Driver/Src/stm32f4xx_hal_cortex.o
 .text.__NVIC_SetPriority
                0x0000000008004918       0x54 Drivers/STM32F4xx_HAL_Driver/Src/stm32f4xx_hal_cortex.o
 .text.NVIC_EncodePriority
                0x000000000800496c       0x66 Drivers/STM32F4xx_HAL_Driver/Src/stm32f4xx_hal_cortex.o
 *fill*         0x00000000080049d2        0x2 
 .text.SysTick_Config
                0x00000000080049d4       0x44 Drivers/STM32F4xx_HAL_Driver/Src/stm32f4xx_hal_cortex.o
 .text.HAL_NVIC_SetPriorityGrouping
                0x0000000008004a18       0x16 Drivers/STM32F4xx_HAL_Driver/Src/stm32f4xx_hal_cortex.o
                0x0000000008004a18                HAL_NVIC_SetPriorityGrouping
 .text.HAL_NVIC_SetPriority
                0x0000000008004a2e       0x38 Drivers/STM32F4xx_HAL_Driver/Src/stm32f4xx_hal_cortex.o
                0x0000000008004a2e                HAL_NVIC_SetPriority
 .text.HAL_NVIC_EnableIRQ
                0x0000000008004a66       0x1c Drivers/STM32F4xx_HAL_Driver/Src/stm32f4xx_hal_cortex.o
                0x0000000008004a66                HAL_NVIC_EnableIRQ
 .text.HAL_SYSTICK_Config
                0x0000000008004a82       0x18 Drivers/STM32F4xx_HAL_Driver/Src/stm32f4xx_hal_cortex.o
                0x0000000008004a82                HAL_SYSTICK_Config
 *fill*         0x0000000008004a9a        0x2 
 .text.HAL_DMA_Init
                0x0000000008004a9c      0x15c Drivers/STM32F4xx_HAL_Driver/Src/stm32f4xx_hal_dma.o
                0x0000000008004a9c                HAL_DMA_Init
 .text.HAL_DMA_Start_IT
                0x0000000008004bf8       0xb0 Drivers/STM32F4xx_HAL_Driver/Src/stm32f4xx_hal_dma.o
                0x0000000008004bf8                HAL_DMA_Start_IT
 .text.HAL_DMA_Abort
                0x0000000008004ca8       0xe0 Drivers/STM32F4xx_HAL_Driver/Src/stm32f4xx_hal_dma.o
                0x0000000008004ca8                HAL_DMA_Abort
 .text.HAL_DMA_Abort_IT
                0x0000000008004d88       0x44 Drivers/STM32F4xx_HAL_Driver/Src/stm32f4xx_hal_dma.o
                0x0000000008004d88                HAL_DMA_Abort_IT
 .text.HAL_DMA_IRQHandler
                0x0000000008004dcc      0x314 Drivers/STM32F4xx_HAL_Driver/Src/stm32f4xx_hal_dma.o
                0x0000000008004dcc                HAL_DMA_IRQHandler
 .text.DMA_SetConfig
                0x00000000080050e0       0x5c Drivers/STM32F4xx_HAL_Driver/Src/stm32f4xx_hal_dma.o
 .text.DMA_CalcBaseAndBitshift
                0x000000000800513c       0x6c Drivers/STM32F4xx_HAL_Driver/Src/stm32f4xx_hal_dma.o
 .text.DMA_CheckFifoParam
                0x00000000080051a8       0xf8 Drivers/STM32F4xx_HAL_Driver/Src/stm32f4xx_hal_dma.o
 .text.HAL_GPIO_Init
                0x00000000080052a0      0x338 Drivers/STM32F4xx_HAL_Driver/Src/stm32f4xx_hal_gpio.o
                0x00000000080052a0                HAL_GPIO_Init
 .text.HAL_I2S_Init
                0x00000000080055d8      0x280 Drivers/STM32F4xx_HAL_Driver/Src/stm32f4xx_hal_i2s.o
                0x00000000080055d8                HAL_I2S_Init
 .text.HAL_I2S_Transmit_DMA
                0x0000000008005858      0x150 Drivers/STM32F4xx_HAL_Driver/Src/stm32f4xx_hal_i2s.o
                0x0000000008005858                HAL_I2S_Transmit_DMA
 .text.HAL_I2S_Receive_DMA
                0x00000000080059a8      0x178 Drivers/STM32F4xx_HAL_Driver/Src/stm32f4xx_hal_i2s.o
                0x00000000080059a8                HAL_I2S_Receive_DMA
 .text.HAL_I2S_ErrorCallback
                0x0000000008005b20       0x14 Drivers/STM32F4xx_HAL_Driver/Src/stm32f4xx_hal_i2s.o
                0x0000000008005b20                HAL_I2S_ErrorCallback
 .text.I2S_DMATxCplt
                0x0000000008005b34       0x42 Drivers/STM32F4xx_HAL_Driver/Src/stm32f4xx_hal_i2s.o
 .text.I2S_DMATxHalfCplt
                0x0000000008005b76       0x1c Drivers/STM32F4xx_HAL_Driver/Src/stm32f4xx_hal_i2s.o
 .text.I2S_DMARxCplt
                0x0000000008005b92       0x42 Drivers/STM32F4xx_HAL_Driver/Src/stm32f4xx_hal_i2s.o
 .text.I2S_DMARxHalfCplt
                0x0000000008005bd4       0x1c Drivers/STM32F4xx_HAL_Driver/Src/stm32f4xx_hal_i2s.o
 .text.I2S_DMAError
                0x0000000008005bf0       0x4c Drivers/STM32F4xx_HAL_Driver/Src/stm32f4xx_hal_i2s.o
 .text.I2S_Transmit_IT
                0x0000000008005c3c       0x5c Drivers/STM32F4xx_HAL_Driver/Src/stm32f4xx_hal_i2s.o
 .text.I2S_Receive_IT
                0x0000000008005c98       0x5e Drivers/STM32F4xx_HAL_Driver/Src/stm32f4xx_hal_i2s.o
 .text.I2S_IRQHandler
                0x0000000008005cf6      0x114 Drivers/STM32F4xx_HAL_Driver/Src/stm32f4xx_hal_i2s.o
 *fill*         0x0000000008005e0a        0x2 
 .text.HAL_I2SEx_FullDuplex_IRQHandler
                0x0000000008005e0c      0x2a8 Drivers/STM32F4xx_HAL_Driver/Src/stm32f4xx_hal_i2s_ex.o
                0x0000000008005e0c                HAL_I2SEx_FullDuplex_IRQHandler
 .text.HAL_I2SEx_TxRxCpltCallback
                0x00000000080060b4       0x14 Drivers/STM32F4xx_HAL_Driver/Src/stm32f4xx_hal_i2s_ex.o
                0x00000000080060b4                HAL_I2SEx_TxRxCpltCallback
 .text.I2SEx_TxISR_I2S
                0x00000000080060c8       0x62 Drivers/STM32F4xx_HAL_Driver/Src/stm32f4xx_hal_i2s_ex.o
 *fill*         0x000000000800612a        0x2 
 .text.I2SEx_TxISR_I2SExt
                0x000000000800612c       0x98 Drivers/STM32F4xx_HAL_Driver/Src/stm32f4xx_hal_i2s_ex.o
 .text.I2SEx_RxISR_I2S
                0x00000000080061c4       0x64 Drivers/STM32F4xx_HAL_Driver/Src/stm32f4xx_hal_i2s_ex.o
 .text.I2SEx_RxISR_I2SExt
                0x0000000008006228       0x98 Drivers/STM32F4xx_HAL_Driver/Src/stm32f4xx_hal_i2s_ex.o
 .text.HAL_RCC_OscConfig
                0x00000000080062c0      0x4f0 Drivers/STM32F4xx_HAL_Driver/Src/stm32f4xx_hal_rcc.o
                0x00000000080062c0                HAL_RCC_OscConfig
 .text.HAL_RCC_ClockConfig
                0x00000000080067b0      0x1cc Drivers/STM32F4xx_HAL_Driver/Src/stm32f4xx_hal_rcc.o
                0x00000000080067b0                HAL_RCC_ClockConfig
 .text.HAL_RCC_GetSysClockFreq
                0x000000000800697c      0x16c Drivers/STM32F4xx_HAL_Driver/Src/stm32f4xx_hal_rcc.o
                0x000000000800697c                HAL_RCC_GetSysClockFreq
 .text.HAL_RCC_GetHCLKFreq
                0x0000000008006ae8       0x18 Drivers/STM32F4xx_HAL_Driver/Src/stm32f4xx_hal_rcc.o
                0x0000000008006ae8                HAL_RCC_GetHCLKFreq
 .text.HAL_RCC_GetPCLK1Freq
                0x0000000008006b00       0x28 Drivers/STM32F4xx_HAL_Driver/Src/stm32f4xx_hal_rcc.o
                0x0000000008006b00                HAL_RCC_GetPCLK1Freq
 .text.HAL_RCC_GetPCLK2Freq
                0x0000000008006b28       0x28 Drivers/STM32F4xx_HAL_Driver/Src/stm32f4xx_hal_rcc.o
                0x0000000008006b28                HAL_RCC_GetPCLK2Freq
 .text.HAL_RCCEx_PeriphCLKConfig
                0x0000000008006b50      0x1c4 Drivers/STM32F4xx_HAL_Driver/Src/stm32f4xx_hal_rcc_ex.o
                0x0000000008006b50                HAL_RCCEx_PeriphCLKConfig
 .text.HAL_RCCEx_GetPeriphCLKFreq
                0x0000000008006d14       0xbc Drivers/STM32F4xx_HAL_Driver/Src/stm32f4xx_hal_rcc_ex.o
                0x0000000008006d14                HAL_RCCEx_GetPeriphCLKFreq
 .text.HAL_TIM_Base_Init
                0x0000000008006dd0       0x9e Drivers/STM32F4xx_HAL_Driver/Src/stm32f4xx_hal_tim.o
                0x0000000008006dd0                HAL_TIM_Base_Init
 *fill*         0x0000000008006e6e        0x2 
 .text.HAL_TIM_Base_Start_IT
                0x0000000008006e70       0xe0 Drivers/STM32F4xx_HAL_Driver/Src/stm32f4xx_hal_tim.o
                0x0000000008006e70                HAL_TIM_Base_Start_IT
 .text.HAL_TIM_IRQHandler
                0x0000000008006f50      0x210 Drivers/STM32F4xx_HAL_Driver/Src/stm32f4xx_hal_tim.o
                0x0000000008006f50                HAL_TIM_IRQHandler
 .text.HAL_TIM_ConfigClockSource
                0x0000000008007160      0x188 Drivers/STM32F4xx_HAL_Driver/Src/stm32f4xx_hal_tim.o
                0x0000000008007160                HAL_TIM_ConfigClockSource
 .text.HAL_TIM_PeriodElapsedCallback
                0x00000000080072e8       0x14 Drivers/STM32F4xx_HAL_Driver/Src/stm32f4xx_hal_tim.o
                0x00000000080072e8                HAL_TIM_PeriodElapsedCallback
 .text.HAL_TIM_OC_DelayElapsedCallback
                0x00000000080072fc       0x14 Drivers/STM32F4xx_HAL_Driver/Src/stm32f4xx_hal_tim.o
                0x00000000080072fc                HAL_TIM_OC_DelayElapsedCallback
 .text.HAL_TIM_IC_CaptureCallback
                0x0000000008007310       0x14 Drivers/STM32F4xx_HAL_Driver/Src/stm32f4xx_hal_tim.o
                0x0000000008007310                HAL_TIM_IC_CaptureCallback
 .text.HAL_TIM_PWM_PulseFinishedCallback
                0x0000000008007324       0x14 Drivers/STM32F4xx_HAL_Driver/Src/stm32f4xx_hal_tim.o
                0x0000000008007324                HAL_TIM_PWM_PulseFinishedCallback
 .text.HAL_TIM_TriggerCallback
                0x0000000008007338       0x14 Drivers/STM32F4xx_HAL_Driver/Src/stm32f4xx_hal_tim.o
                0x0000000008007338                HAL_TIM_TriggerCallback
 .text.TIM_Base_SetConfig
                0x000000000800734c      0x140 Drivers/STM32F4xx_HAL_Driver/Src/stm32f4xx_hal_tim.o
                0x000000000800734c                TIM_Base_SetConfig
 .text.TIM_TI1_ConfigInputStage
                0x000000000800748c       0x5e Drivers/STM32F4xx_HAL_Driver/Src/stm32f4xx_hal_tim.o
 .text.TIM_TI2_ConfigInputStage
                0x00000000080074ea       0x60 Drivers/STM32F4xx_HAL_Driver/Src/stm32f4xx_hal_tim.o
 .text.TIM_ITRx_SetConfig
                0x000000000800754a       0x36 Drivers/STM32F4xx_HAL_Driver/Src/stm32f4xx_hal_tim.o
 .text.TIM_ETR_SetConfig
                0x0000000008007580       0x40 Drivers/STM32F4xx_HAL_Driver/Src/stm32f4xx_hal_tim.o
                0x0000000008007580                TIM_ETR_SetConfig
 .text.HAL_TIMEx_MasterConfigSynchronization
                0x00000000080075c0       0xf8 Drivers/STM32F4xx_HAL_Driver/Src/stm32f4xx_hal_tim_ex.o
                0x00000000080075c0                HAL_TIMEx_MasterConfigSynchronization
 .text.HAL_TIMEx_CommutCallback
                0x00000000080076b8       0x14 Drivers/STM32F4xx_HAL_Driver/Src/stm32f4xx_hal_tim_ex.o
                0x00000000080076b8                HAL_TIMEx_CommutCallback
 .text.HAL_TIMEx_BreakCallback
                0x00000000080076cc       0x14 Drivers/STM32F4xx_HAL_Driver/Src/stm32f4xx_hal_tim_ex.o
                0x00000000080076cc                HAL_TIMEx_BreakCallback
 .text.HAL_UART_Init
                0x00000000080076e0       0x9a Drivers/STM32F4xx_HAL_Driver/Src/stm32f4xx_hal_uart.o
                0x00000000080076e0                HAL_UART_Init
 .text.HAL_UART_Transmit_IT
                0x000000000800777a       0x8a Drivers/STM32F4xx_HAL_Driver/Src/stm32f4xx_hal_uart.o
                0x000000000800777a                HAL_UART_Transmit_IT
 .text.HAL_UART_Receive_IT
                0x0000000008007804       0x60 Drivers/STM32F4xx_HAL_Driver/Src/stm32f4xx_hal_uart.o
                0x0000000008007804                HAL_UART_Receive_IT
 .text.HAL_UART_IRQHandler
                0x0000000008007864      0x358 Drivers/STM32F4xx_HAL_Driver/Src/stm32f4xx_hal_uart.o
                0x0000000008007864                HAL_UART_IRQHandler
 .text.HAL_UARTEx_RxEventCallback
                0x0000000008007bbc       0x18 Drivers/STM32F4xx_HAL_Driver/Src/stm32f4xx_hal_uart.o
                0x0000000008007bbc                HAL_UARTEx_RxEventCallback
 .text.UART_Start_Receive_IT
                0x0000000008007bd4       0x74 Drivers/STM32F4xx_HAL_Driver/Src/stm32f4xx_hal_uart.o
                0x0000000008007bd4                UART_Start_Receive_IT
 .text.UART_EndRxTransfer
                0x0000000008007c48       0x5a Drivers/STM32F4xx_HAL_Driver/Src/stm32f4xx_hal_uart.o
 .text.UART_DMAAbortOnError
                0x0000000008007ca2       0x28 Drivers/STM32F4xx_HAL_Driver/Src/stm32f4xx_hal_uart.o
 .text.UART_Transmit_IT
                0x0000000008007cca       0xa0 Drivers/STM32F4xx_HAL_Driver/Src/stm32f4xx_hal_uart.o
 .text.UART_EndTransmit_IT
                0x0000000008007d6a       0x30 Drivers/STM32F4xx_HAL_Driver/Src/stm32f4xx_hal_uart.o
 .text.UART_Receive_IT
                0x0000000008007d9a      0x12e Drivers/STM32F4xx_HAL_Driver/Src/stm32f4xx_hal_uart.o
 .text.UART_SetConfig
                0x0000000008007ec8      0x390 Drivers/STM32F4xx_HAL_Driver/Src/stm32f4xx_hal_uart.o
 .text.arm_fir_init_f32
                0x0000000008008258       0x24 C:\Users\marc\STM32CubeIDE\workspace_1.6.1\STM32F407VG_ADC_DAC_BTC_CPP\lib\libarm_cortexM4lf_math.a(arm_fir_init_f32.o)
                0x0000000008008258                arm_fir_init_f32
 .text.arm_biquad_cascade_df2T_init_f32
                0x000000000800827c       0x1c C:\Users\marc\STM32CubeIDE\workspace_1.6.1\STM32F407VG_ADC_DAC_BTC_CPP\lib\libarm_cortexM4lf_math.a(arm_biquad_cascade_df2t_init_f32.o)
                0x000000000800827c                arm_biquad_cascade_df2T_init_f32
 .text.arm_biquad_cascade_df2T_f32
                0x0000000008008298      0x1c4 C:\Users\marc\STM32CubeIDE\workspace_1.6.1\STM32F407VG_ADC_DAC_BTC_CPP\lib\libarm_cortexM4lf_math.a(arm_biquad_cascade_df2t_f32.o)
                0x0000000008008298                arm_biquad_cascade_df2T_f32
 .text._ZdlPvj  0x000000000800845c        0x4 f:/st/stm32cubeide_1.6.1/stm32cubeide/plugins/com.st.stm32cube.ide.mcu.externaltools.gnu-tools-for-stm32.9-2020-q2-update.win32_1.5.0.202011040924/tools/bin/../lib/gcc/arm-none-eabi/9.3.1/../../../../arm-none-eabi/lib/thumb/v7e-m+fp/hard\libstdc++_nano.a(del_ops.o)
                0x000000000800845c                operator delete(void*, unsigned int)
 .text._Znwj    0x0000000008008460       0x22 f:/st/stm32cubeide_1.6.1/stm32cubeide/plugins/com.st.stm32cube.ide.mcu.externaltools.gnu-tools-for-stm32.9-2020-q2-update.win32_1.5.0.202011040924/tools/bin/../lib/gcc/arm-none-eabi/9.3.1/../../../../arm-none-eabi/lib/thumb/v7e-m+fp/hard\libstdc++_nano.a(new_op.o)
                0x0000000008008460                operator new(unsigned int)
 .text._ZdlPv   0x0000000008008482        0x4 f:/st/stm32cubeide_1.6.1/stm32cubeide/plugins/com.st.stm32cube.ide.mcu.externaltools.gnu-tools-for-stm32.9-2020-q2-update.win32_1.5.0.202011040924/tools/bin/../lib/gcc/arm-none-eabi/9.3.1/../../../../arm-none-eabi/lib/thumb/v7e-m+fp/hard\libstdc++_nano.a(del_op.o)
                0x0000000008008482                operator delete(void*)
 *fill*         0x0000000008008486        0x2 
 .text._ZSt15get_new_handlerv
                0x0000000008008488       0x10 f:/st/stm32cubeide_1.6.1/stm32cubeide/plugins/com.st.stm32cube.ide.mcu.externaltools.gnu-tools-for-stm32.9-2020-q2-update.win32_1.5.0.202011040924/tools/bin/../lib/gcc/arm-none-eabi/9.3.1/../../../../arm-none-eabi/lib/thumb/v7e-m+fp/hard\libstdc++_nano.a(new_handler.o)
                0x0000000008008488                std::get_new_handler()
 .text.sin      0x0000000008008498       0xa8 f:/st/stm32cubeide_1.6.1/stm32cubeide/plugins/com.st.stm32cube.ide.mcu.externaltools.gnu-tools-for-stm32.9-2020-q2-update.win32_1.5.0.202011040924/tools/bin/../lib/gcc/arm-none-eabi/9.3.1/../../../../arm-none-eabi/lib/thumb/v7e-m+fp/hard\libm.a(lib_a-s_sin.o)
                0x0000000008008498                sin
 .text.tan      0x0000000008008540       0x60 f:/st/stm32cubeide_1.6.1/stm32cubeide/plugins/com.st.stm32cube.ide.mcu.externaltools.gnu-tools-for-stm32.9-2020-q2-update.win32_1.5.0.202011040924/tools/bin/../lib/gcc/arm-none-eabi/9.3.1/../../../../arm-none-eabi/lib/thumb/v7e-m+fp/hard\libm.a(lib_a-s_tan.o)
                0x0000000008008540                tan
 .text.pow      0x00000000080085a0      0x15c f:/st/stm32cubeide_1.6.1/stm32cubeide/plugins/com.st.stm32cube.ide.mcu.externaltools.gnu-tools-for-stm32.9-2020-q2-update.win32_1.5.0.202011040924/tools/bin/../lib/gcc/arm-none-eabi/9.3.1/../../../../arm-none-eabi/lib/thumb/v7e-m+fp/hard\libm.a(lib_a-w_pow.o)
                0x00000000080085a0                pow
 .text.sqrt     0x00000000080086fc       0x68 f:/st/stm32cubeide_1.6.1/stm32cubeide/plugins/com.st.stm32cube.ide.mcu.externaltools.gnu-tools-for-stm32.9-2020-q2-update.win32_1.5.0.202011040924/tools/bin/../lib/gcc/arm-none-eabi/9.3.1/../../../../arm-none-eabi/lib/thumb/v7e-m+fp/hard\libm.a(lib_a-w_sqrt.o)
                0x00000000080086fc                sqrt
 *fill*         0x0000000008008764        0x4 
 .text.__ieee754_pow
                0x0000000008008768      0xa44 f:/st/stm32cubeide_1.6.1/stm32cubeide/plugins/com.st.stm32cube.ide.mcu.externaltools.gnu-tools-for-stm32.9-2020-q2-update.win32_1.5.0.202011040924/tools/bin/../lib/gcc/arm-none-eabi/9.3.1/../../../../arm-none-eabi/lib/thumb/v7e-m+fp/hard\libm.a(lib_a-e_pow.o)
                0x0000000008008768                __ieee754_pow
 *fill*         0x00000000080091ac        0x4 
 .text.__ieee754_rem_pio2
                0x00000000080091b0      0x414 f:/st/stm32cubeide_1.6.1/stm32cubeide/plugins/com.st.stm32cube.ide.mcu.externaltools.gnu-tools-for-stm32.9-2020-q2-update.win32_1.5.0.202011040924/tools/bin/../lib/gcc/arm-none-eabi/9.3.1/../../../../arm-none-eabi/lib/thumb/v7e-m+fp/hard\libm.a(lib_a-e_rem_pio2.o)
                0x00000000080091b0                __ieee754_rem_pio2
 .text.__ieee754_sqrt
                0x00000000080095c4      0x168 f:/st/stm32cubeide_1.6.1/stm32cubeide/plugins/com.st.stm32cube.ide.mcu.externaltools.gnu-tools-for-stm32.9-2020-q2-update.win32_1.5.0.202011040924/tools/bin/../lib/gcc/arm-none-eabi/9.3.1/../../../../arm-none-eabi/lib/thumb/v7e-m+fp/hard\libm.a(lib_a-e_sqrt.o)
                0x00000000080095c4                __ieee754_sqrt
 *fill*         0x000000000800972c        0x4 
 .text.__kernel_cos
                0x0000000008009730      0x18c f:/st/stm32cubeide_1.6.1/stm32cubeide/plugins/com.st.stm32cube.ide.mcu.externaltools.gnu-tools-for-stm32.9-2020-q2-update.win32_1.5.0.202011040924/tools/bin/../lib/gcc/arm-none-eabi/9.3.1/../../../../arm-none-eabi/lib/thumb/v7e-m+fp/hard\libm.a(lib_a-k_cos.o)
                0x0000000008009730                __kernel_cos
 *fill*         0x00000000080098bc        0x4 
 .text.__kernel_rem_pio2
                0x00000000080098c0      0x680 f:/st/stm32cubeide_1.6.1/stm32cubeide/plugins/com.st.stm32cube.ide.mcu.externaltools.gnu-tools-for-stm32.9-2020-q2-update.win32_1.5.0.202011040924/tools/bin/../lib/gcc/arm-none-eabi/9.3.1/../../../../arm-none-eabi/lib/thumb/v7e-m+fp/hard\libm.a(lib_a-k_rem_pio2.o)
                0x00000000080098c0                __kernel_rem_pio2
 .text.__kernel_sin
                0x0000000008009f40      0x17c f:/st/stm32cubeide_1.6.1/stm32cubeide/plugins/com.st.stm32cube.ide.mcu.externaltools.gnu-tools-for-stm32.9-2020-q2-update.win32_1.5.0.202011040924/tools/bin/../lib/gcc/arm-none-eabi/9.3.1/../../../../arm-none-eabi/lib/thumb/v7e-m+fp/hard\libm.a(lib_a-k_sin.o)
                0x0000000008009f40                __kernel_sin
 *fill*         0x000000000800a0bc        0x4 
 .text.__kernel_tan
                0x000000000800a0c0      0x3a8 f:/st/stm32cubeide_1.6.1/stm32cubeide/plugins/com.st.stm32cube.ide.mcu.externaltools.gnu-tools-for-stm32.9-2020-q2-update.win32_1.5.0.202011040924/tools/bin/../lib/gcc/arm-none-eabi/9.3.1/../../../../arm-none-eabi/lib/thumb/v7e-m+fp/hard\libm.a(lib_a-k_tan.o)
                0x000000000800a0c0                __kernel_tan
 .text.fabs     0x000000000800a468       0x12 f:/st/stm32cubeide_1.6.1/stm32cubeide/plugins/com.st.stm32cube.ide.mcu.externaltools.gnu-tools-for-stm32.9-2020-q2-update.win32_1.5.0.202011040924/tools/bin/../lib/gcc/arm-none-eabi/9.3.1/../../../../arm-none-eabi/lib/thumb/v7e-m+fp/hard\libm.a(lib_a-s_fabs.o)
                0x000000000800a468                fabs
 .text.finite   0x000000000800a47a       0x16 f:/st/stm32cubeide_1.6.1/stm32cubeide/plugins/com.st.stm32cube.ide.mcu.externaltools.gnu-tools-for-stm32.9-2020-q2-update.win32_1.5.0.202011040924/tools/bin/../lib/gcc/arm-none-eabi/9.3.1/../../../../arm-none-eabi/lib/thumb/v7e-m+fp/hard\libm.a(lib_a-s_finite.o)
                0x000000000800a47a                finite
 .text.floor    0x000000000800a490      0x100 f:/st/stm32cubeide_1.6.1/stm32cubeide/plugins/com.st.stm32cube.ide.mcu.externaltools.gnu-tools-for-stm32.9-2020-q2-update.win32_1.5.0.202011040924/tools/bin/../lib/gcc/arm-none-eabi/9.3.1/../../../../arm-none-eabi/lib/thumb/v7e-m+fp/hard\libm.a(lib_a-s_floor.o)
                0x000000000800a490                floor
 .text.nan      0x000000000800a590       0x10 f:/st/stm32cubeide_1.6.1/stm32cubeide/plugins/com.st.stm32cube.ide.mcu.externaltools.gnu-tools-for-stm32.9-2020-q2-update.win32_1.5.0.202011040924/tools/bin/../lib/gcc/arm-none-eabi/9.3.1/../../../../arm-none-eabi/lib/thumb/v7e-m+fp/hard\libm.a(lib_a-s_nan.o)
                0x000000000800a590                nan
 .text.rint     0x000000000800a5a0      0x114 f:/st/stm32cubeide_1.6.1/stm32cubeide/plugins/com.st.stm32cube.ide.mcu.externaltools.gnu-tools-for-stm32.9-2020-q2-update.win32_1.5.0.202011040924/tools/bin/../lib/gcc/arm-none-eabi/9.3.1/../../../../arm-none-eabi/lib/thumb/v7e-m+fp/hard\libm.a(lib_a-s_rint.o)
                0x000000000800a5a0                rint
 *fill*         0x000000000800a6b4        0x4 
 .text.scalbn   0x000000000800a6b8      0x10c f:/st/stm32cubeide_1.6.1/stm32cubeide/plugins/com.st.stm32cube.ide.mcu.externaltools.gnu-tools-for-stm32.9-2020-q2-update.win32_1.5.0.202011040924/tools/bin/../lib/gcc/arm-none-eabi/9.3.1/../../../../arm-none-eabi/lib/thumb/v7e-m+fp/hard\libm.a(lib_a-s_scalbn.o)
                0x000000000800a6b8                scalbn
 .text.abort    0x000000000800a7c4        0xe f:/st/stm32cubeide_1.6.1/stm32cubeide/plugins/com.st.stm32cube.ide.mcu.externaltools.gnu-tools-for-stm32.9-2020-q2-update.win32_1.5.0.202011040924/tools/bin/../lib/gcc/arm-none-eabi/9.3.1/../../../../arm-none-eabi/lib/thumb/v7e-m+fp/hard\libc_nano.a(lib_a-abort.o)
                0x000000000800a7c4                abort
 *fill*         0x000000000800a7d2        0x2 
 .text.__errno  0x000000000800a7d4        0xc f:/st/stm32cubeide_1.6.1/stm32cubeide/plugins/com.st.stm32cube.ide.mcu.externaltools.gnu-tools-for-stm32.9-2020-q2-update.win32_1.5.0.202011040924/tools/bin/../lib/gcc/arm-none-eabi/9.3.1/../../../../arm-none-eabi/lib/thumb/v7e-m+fp/hard\libc_nano.a(lib_a-errno.o)
                0x000000000800a7d4                __errno
 .text.__libc_init_array
                0x000000000800a7e0       0x48 f:/st/stm32cubeide_1.6.1/stm32cubeide/plugins/com.st.stm32cube.ide.mcu.externaltools.gnu-tools-for-stm32.9-2020-q2-update.win32_1.5.0.202011040924/tools/bin/../lib/gcc/arm-none-eabi/9.3.1/../../../../arm-none-eabi/lib/thumb/v7e-m+fp/hard\libc_nano.a(lib_a-init.o)
                0x000000000800a7e0                __libc_init_array
 .text.malloc   0x000000000800a828       0x10 f:/st/stm32cubeide_1.6.1/stm32cubeide/plugins/com.st.stm32cube.ide.mcu.externaltools.gnu-tools-for-stm32.9-2020-q2-update.win32_1.5.0.202011040924/tools/bin/../lib/gcc/arm-none-eabi/9.3.1/../../../../arm-none-eabi/lib/thumb/v7e-m+fp/hard\libc_nano.a(lib_a-malloc.o)
                0x000000000800a828                malloc
 .text.free     0x000000000800a838       0x10 f:/st/stm32cubeide_1.6.1/stm32cubeide/plugins/com.st.stm32cube.ide.mcu.externaltools.gnu-tools-for-stm32.9-2020-q2-update.win32_1.5.0.202011040924/tools/bin/../lib/gcc/arm-none-eabi/9.3.1/../../../../arm-none-eabi/lib/thumb/v7e-m+fp/hard\libc_nano.a(lib_a-malloc.o)
                0x000000000800a838                free
 .text.memcpy   0x000000000800a848       0x1c f:/st/stm32cubeide_1.6.1/stm32cubeide/plugins/com.st.stm32cube.ide.mcu.externaltools.gnu-tools-for-stm32.9-2020-q2-update.win32_1.5.0.202011040924/tools/bin/../lib/gcc/arm-none-eabi/9.3.1/../../../../arm-none-eabi/lib/thumb/v7e-m+fp/hard\libc_nano.a(lib_a-memcpy-stub.o)
                0x000000000800a848                memcpy
 .text.memset   0x000000000800a864       0x10 f:/st/stm32cubeide_1.6.1/stm32cubeide/plugins/com.st.stm32cube.ide.mcu.externaltools.gnu-tools-for-stm32.9-2020-q2-update.win32_1.5.0.202011040924/tools/bin/../lib/gcc/arm-none-eabi/9.3.1/../../../../arm-none-eabi/lib/thumb/v7e-m+fp/hard\libc_nano.a(lib_a-memset.o)
                0x000000000800a864                memset
 .text._free_r  0x000000000800a874       0xa0 f:/st/stm32cubeide_1.6.1/stm32cubeide/plugins/com.st.stm32cube.ide.mcu.externaltools.gnu-tools-for-stm32.9-2020-q2-update.win32_1.5.0.202011040924/tools/bin/../lib/gcc/arm-none-eabi/9.3.1/../../../../arm-none-eabi/lib/thumb/v7e-m+fp/hard\libc_nano.a(lib_a-nano-freer.o)
                0x000000000800a874                _free_r
 .text._malloc_r
                0x000000000800a914       0xb4 f:/st/stm32cubeide_1.6.1/stm32cubeide/plugins/com.st.stm32cube.ide.mcu.externaltools.gnu-tools-for-stm32.9-2020-q2-update.win32_1.5.0.202011040924/tools/bin/../lib/gcc/arm-none-eabi/9.3.1/../../../../arm-none-eabi/lib/thumb/v7e-m+fp/hard\libc_nano.a(lib_a-nano-mallocr.o)
                0x000000000800a914                _malloc_r
 .text._sbrk_r  0x000000000800a9c8       0x20 f:/st/stm32cubeide_1.6.1/stm32cubeide/plugins/com.st.stm32cube.ide.mcu.externaltools.gnu-tools-for-stm32.9-2020-q2-update.win32_1.5.0.202011040924/tools/bin/../lib/gcc/arm-none-eabi/9.3.1/../../../../arm-none-eabi/lib/thumb/v7e-m+fp/hard\libc_nano.a(lib_a-sbrkr.o)
                0x000000000800a9c8                _sbrk_r
 .text._raise_r
                0x000000000800a9e8       0x50 f:/st/stm32cubeide_1.6.1/stm32cubeide/plugins/com.st.stm32cube.ide.mcu.externaltools.gnu-tools-for-stm32.9-2020-q2-update.win32_1.5.0.202011040924/tools/bin/../lib/gcc/arm-none-eabi/9.3.1/../../../../arm-none-eabi/lib/thumb/v7e-m+fp/hard\libc_nano.a(lib_a-signal.o)
                0x000000000800a9e8                _raise_r
 .text.raise    0x000000000800aa38       0x10 f:/st/stm32cubeide_1.6.1/stm32cubeide/plugins/com.st.stm32cube.ide.mcu.externaltools.gnu-tools-for-stm32.9-2020-q2-update.win32_1.5.0.202011040924/tools/bin/../lib/gcc/arm-none-eabi/9.3.1/../../../../arm-none-eabi/lib/thumb/v7e-m+fp/hard\libc_nano.a(lib_a-signal.o)
                0x000000000800aa38                raise
 .text._kill_r  0x000000000800aa48       0x24 f:/st/stm32cubeide_1.6.1/stm32cubeide/plugins/com.st.stm32cube.ide.mcu.externaltools.gnu-tools-for-stm32.9-2020-q2-update.win32_1.5.0.202011040924/tools/bin/../lib/gcc/arm-none-eabi/9.3.1/../../../../arm-none-eabi/lib/thumb/v7e-m+fp/hard\libc_nano.a(lib_a-signalr.o)
                0x000000000800aa48                _kill_r
 .text._getpid_r
                0x000000000800aa6c        0x4 f:/st/stm32cubeide_1.6.1/stm32cubeide/plugins/com.st.stm32cube.ide.mcu.externaltools.gnu-tools-for-stm32.9-2020-q2-update.win32_1.5.0.202011040924/tools/bin/../lib/gcc/arm-none-eabi/9.3.1/../../../../arm-none-eabi/lib/thumb/v7e-m+fp/hard\libc_nano.a(lib_a-signalr.o)
                0x000000000800aa6c                _getpid_r
 .text.strcat   0x000000000800aa70       0x1e f:/st/stm32cubeide_1.6.1/stm32cubeide/plugins/com.st.stm32cube.ide.mcu.externaltools.gnu-tools-for-stm32.9-2020-q2-update.win32_1.5.0.202011040924/tools/bin/../lib/gcc/arm-none-eabi/9.3.1/../../../../arm-none-eabi/lib/thumb/v7e-m+fp/hard\libc_nano.a(lib_a-strcat.o)
                0x000000000800aa70                strcat
 *fill*         0x000000000800aa8e        0x2 
 .text.__malloc_lock
                0x000000000800aa90        0xc f:/st/stm32cubeide_1.6.1/stm32cubeide/plugins/com.st.stm32cube.ide.mcu.externaltools.gnu-tools-for-stm32.9-2020-q2-update.win32_1.5.0.202011040924/tools/bin/../lib/gcc/arm-none-eabi/9.3.1/../../../../arm-none-eabi/lib/thumb/v7e-m+fp/hard\libc_nano.a(lib_a-mlock.o)
                0x000000000800aa90                __malloc_lock
 .text.__malloc_unlock
                0x000000000800aa9c        0xc f:/st/stm32cubeide_1.6.1/stm32cubeide/plugins/com.st.stm32cube.ide.mcu.externaltools.gnu-tools-for-stm32.9-2020-q2-update.win32_1.5.0.202011040924/tools/bin/../lib/gcc/arm-none-eabi/9.3.1/../../../../arm-none-eabi/lib/thumb/v7e-m+fp/hard\libc_nano.a(lib_a-mlock.o)
                0x000000000800aa9c                __malloc_unlock
 .text.__retarget_lock_acquire_recursive
                0x000000000800aaa8        0x2 f:/st/stm32cubeide_1.6.1/stm32cubeide/plugins/com.st.stm32cube.ide.mcu.externaltools.gnu-tools-for-stm32.9-2020-q2-update.win32_1.5.0.202011040924/tools/bin/../lib/gcc/arm-none-eabi/9.3.1/../../../../arm-none-eabi/lib/thumb/v7e-m+fp/hard\libc_nano.a(lib_a-lock.o)
                0x000000000800aaa8                __retarget_lock_acquire_recursive
 .text.__retarget_lock_release_recursive
                0x000000000800aaaa        0x2 f:/st/stm32cubeide_1.6.1/stm32cubeide/plugins/com.st.stm32cube.ide.mcu.externaltools.gnu-tools-for-stm32.9-2020-q2-update.win32_1.5.0.202011040924/tools/bin/../lib/gcc/arm-none-eabi/9.3.1/../../../../arm-none-eabi/lib/thumb/v7e-m+fp/hard\libc_nano.a(lib_a-lock.o)
                0x000000000800aaaa                __retarget_lock_release_recursive
 *(.glue_7)
 .glue_7        0x000000000800aaac        0x0 linker stubs
 *(.glue_7t)
 .glue_7t       0x000000000800aaac        0x0 linker stubs
 *(.eh_frame)
 .eh_frame      0x000000000800aaac        0x0 f:/st/stm32cubeide_1.6.1/stm32cubeide/plugins/com.st.stm32cube.ide.mcu.externaltools.gnu-tools-for-stm32.9-2020-q2-update.win32_1.5.0.202011040924/tools/bin/../lib/gcc/arm-none-eabi/9.3.1/thumb/v7e-m+fp/hard/crtbegin.o
 *(.init)
 .init          0x000000000800aaac        0x4 f:/st/stm32cubeide_1.6.1/stm32cubeide/plugins/com.st.stm32cube.ide.mcu.externaltools.gnu-tools-for-stm32.9-2020-q2-update.win32_1.5.0.202011040924/tools/bin/../lib/gcc/arm-none-eabi/9.3.1/thumb/v7e-m+fp/hard/crti.o
                0x000000000800aaac                _init
 .init          0x000000000800aab0        0x8 f:/st/stm32cubeide_1.6.1/stm32cubeide/plugins/com.st.stm32cube.ide.mcu.externaltools.gnu-tools-for-stm32.9-2020-q2-update.win32_1.5.0.202011040924/tools/bin/../lib/gcc/arm-none-eabi/9.3.1/thumb/v7e-m+fp/hard/crtn.o
 *(.fini)
 .fini          0x000000000800aab8        0x4 f:/st/stm32cubeide_1.6.1/stm32cubeide/plugins/com.st.stm32cube.ide.mcu.externaltools.gnu-tools-for-stm32.9-2020-q2-update.win32_1.5.0.202011040924/tools/bin/../lib/gcc/arm-none-eabi/9.3.1/thumb/v7e-m+fp/hard/crti.o
                0x000000000800aab8                _fini
 .fini          0x000000000800aabc        0x8 f:/st/stm32cubeide_1.6.1/stm32cubeide/plugins/com.st.stm32cube.ide.mcu.externaltools.gnu-tools-for-stm32.9-2020-q2-update.win32_1.5.0.202011040924/tools/bin/../lib/gcc/arm-none-eabi/9.3.1/thumb/v7e-m+fp/hard/crtn.o
                0x000000000800aac4                . = ALIGN (0x4)
                0x000000000800aac4                _etext = .

.vfp11_veneer   0x000000000800aac4        0x0
 .vfp11_veneer  0x000000000800aac4        0x0 linker stubs

.v4_bx          0x000000000800aac4        0x0
 .v4_bx         0x000000000800aac4        0x0 linker stubs

.iplt           0x000000000800aac4        0x0
 .iplt          0x000000000800aac4        0x0 f:/st/stm32cubeide_1.6.1/stm32cubeide/plugins/com.st.stm32cube.ide.mcu.externaltools.gnu-tools-for-stm32.9-2020-q2-update.win32_1.5.0.202011040924/tools/bin/../lib/gcc/arm-none-eabi/9.3.1/thumb/v7e-m+fp/hard/crtbegin.o

.rodata         0x000000000800aac8      0x2c8
                0x000000000800aac8                . = ALIGN (0x4)
 *(.rodata)
 .rodata        0x000000000800aac8       0x48 Core/Src/dsp_util.o
 .rodata        0x000000000800ab10       0x22 Core/Src/tone_control.o
 *(.rodata*)
 *fill*         0x000000000800ab32        0x2 
 .rodata._ZL12TOKEN_VOLUME
                0x000000000800ab34        0x7 Core/Src/dsp_token.o
 *fill*         0x000000000800ab3b        0x1 
 .rodata._ZL10TOKEN_BASS
                0x000000000800ab3c        0x5 Core/Src/dsp_token.o
 *fill*         0x000000000800ab41        0x3 
 .rodata._ZL12TOKEN_TREBLE
                0x000000000800ab44        0x7 Core/Src/dsp_token.o
 *fill*         0x000000000800ab4b        0x1 
 .rodata._ZL13TOKEN_BALANCE
                0x000000000800ab4c        0x8 Core/Src/dsp_token.o
 .rodata.AHBPrescTable
                0x000000000800ab54       0x10 Core/Src/system_stm32f4xx.o
                0x000000000800ab54                AHBPrescTable
 .rodata.APBPrescTable
                0x000000000800ab64        0x8 Core/Src/system_stm32f4xx.o
                0x000000000800ab64                APBPrescTable
 .rodata.flagBitshiftOffset.8426
                0x000000000800ab6c        0x8 Drivers/STM32F4xx_HAL_Driver/Src/stm32f4xx_hal_dma.o
 .rodata.__ieee754_pow.str1.1
                0x000000000800ab74        0x1 f:/st/stm32cubeide_1.6.1/stm32cubeide/plugins/com.st.stm32cube.ide.mcu.externaltools.gnu-tools-for-stm32.9-2020-q2-update.win32_1.5.0.202011040924/tools/bin/../lib/gcc/arm-none-eabi/9.3.1/../../../../arm-none-eabi/lib/thumb/v7e-m+fp/hard\libm.a(lib_a-e_pow.o)
 *fill*         0x000000000800ab75        0x3 
 .rodata.bp     0x000000000800ab78       0x10 f:/st/stm32cubeide_1.6.1/stm32cubeide/plugins/com.st.stm32cube.ide.mcu.externaltools.gnu-tools-for-stm32.9-2020-q2-update.win32_1.5.0.202011040924/tools/bin/../lib/gcc/arm-none-eabi/9.3.1/../../../../arm-none-eabi/lib/thumb/v7e-m+fp/hard\libm.a(lib_a-e_pow.o)
 .rodata.dp_h   0x000000000800ab88       0x10 f:/st/stm32cubeide_1.6.1/stm32cubeide/plugins/com.st.stm32cube.ide.mcu.externaltools.gnu-tools-for-stm32.9-2020-q2-update.win32_1.5.0.202011040924/tools/bin/../lib/gcc/arm-none-eabi/9.3.1/../../../../arm-none-eabi/lib/thumb/v7e-m+fp/hard\libm.a(lib_a-e_pow.o)
 .rodata.dp_l   0x000000000800ab98       0x10 f:/st/stm32cubeide_1.6.1/stm32cubeide/plugins/com.st.stm32cube.ide.mcu.externaltools.gnu-tools-for-stm32.9-2020-q2-update.win32_1.5.0.202011040924/tools/bin/../lib/gcc/arm-none-eabi/9.3.1/../../../../arm-none-eabi/lib/thumb/v7e-m+fp/hard\libm.a(lib_a-e_pow.o)
 .rodata.npio2_hw
                0x000000000800aba8       0x80 f:/st/stm32cubeide_1.6.1/stm32cubeide/plugins/com.st.stm32cube.ide.mcu.externaltools.gnu-tools-for-stm32.9-2020-q2-update.win32_1.5.0.202011040924/tools/bin/../lib/gcc/arm-none-eabi/9.3.1/../../../../arm-none-eabi/lib/thumb/v7e-m+fp/hard\libm.a(lib_a-e_rem_pio2.o)
 .rodata.two_over_pi
                0x000000000800ac28      0x108 f:/st/stm32cubeide_1.6.1/stm32cubeide/plugins/com.st.stm32cube.ide.mcu.externaltools.gnu-tools-for-stm32.9-2020-q2-update.win32_1.5.0.202011040924/tools/bin/../lib/gcc/arm-none-eabi/9.3.1/../../../../arm-none-eabi/lib/thumb/v7e-m+fp/hard\libm.a(lib_a-e_rem_pio2.o)
 .rodata.PIo2   0x000000000800ad30       0x40 f:/st/stm32cubeide_1.6.1/stm32cubeide/plugins/com.st.stm32cube.ide.mcu.externaltools.gnu-tools-for-stm32.9-2020-q2-update.win32_1.5.0.202011040924/tools/bin/../lib/gcc/arm-none-eabi/9.3.1/../../../../arm-none-eabi/lib/thumb/v7e-m+fp/hard\libm.a(lib_a-k_rem_pio2.o)
 .rodata.init_jk
                0x000000000800ad70       0x10 f:/st/stm32cubeide_1.6.1/stm32cubeide/plugins/com.st.stm32cube.ide.mcu.externaltools.gnu-tools-for-stm32.9-2020-q2-update.win32_1.5.0.202011040924/tools/bin/../lib/gcc/arm-none-eabi/9.3.1/../../../../arm-none-eabi/lib/thumb/v7e-m+fp/hard\libm.a(lib_a-k_rem_pio2.o)
 .rodata.TWO52  0x000000000800ad80       0x10 f:/st/stm32cubeide_1.6.1/stm32cubeide/plugins/com.st.stm32cube.ide.mcu.externaltools.gnu-tools-for-stm32.9-2020-q2-update.win32_1.5.0.202011040924/tools/bin/../lib/gcc/arm-none-eabi/9.3.1/../../../../arm-none-eabi/lib/thumb/v7e-m+fp/hard\libm.a(lib_a-s_rint.o)
                0x000000000800ad90                . = ALIGN (0x4)

.ARM.extab      0x000000000800ad90        0x0
                0x000000000800ad90                . = ALIGN (0x4)
 *(.ARM.extab* .gnu.linkonce.armextab.*)
                0x000000000800ad90                . = ALIGN (0x4)

.ARM            0x000000000800ad90        0x8
                0x000000000800ad90                . = ALIGN (0x4)
                0x000000000800ad90                __exidx_start = .
 *(.ARM.exidx*)
 .ARM.exidx     0x000000000800ad90        0x8 f:/st/stm32cubeide_1.6.1/stm32cubeide/plugins/com.st.stm32cube.ide.mcu.externaltools.gnu-tools-for-stm32.9-2020-q2-update.win32_1.5.0.202011040924/tools/bin/../lib/gcc/arm-none-eabi/9.3.1/thumb/v7e-m+fp/hard\libgcc.a(_udivmoddi4.o)
                0x000000000800ad98                __exidx_end = .
                0x000000000800ad98                . = ALIGN (0x4)

.rel.dyn        0x000000000800ad98        0x0
 .rel.iplt      0x000000000800ad98        0x0 f:/st/stm32cubeide_1.6.1/stm32cubeide/plugins/com.st.stm32cube.ide.mcu.externaltools.gnu-tools-for-stm32.9-2020-q2-update.win32_1.5.0.202011040924/tools/bin/../lib/gcc/arm-none-eabi/9.3.1/thumb/v7e-m+fp/hard/crtbegin.o

.preinit_array  0x000000000800ad98        0x0
                0x000000000800ad98                . = ALIGN (0x4)
                0x000000000800ad98                PROVIDE (__preinit_array_start = .)
 *(.preinit_array*)
                0x000000000800ad98                PROVIDE (__preinit_array_end = .)
                0x000000000800ad98                . = ALIGN (0x4)

.init_array     0x000000000800ad98        0x4
                0x000000000800ad98                . = ALIGN (0x4)
                0x000000000800ad98                PROVIDE (__init_array_start = .)
 *(SORT_BY_NAME(.init_array.*))
 *(.init_array*)
 .init_array    0x000000000800ad98        0x4 f:/st/stm32cubeide_1.6.1/stm32cubeide/plugins/com.st.stm32cube.ide.mcu.externaltools.gnu-tools-for-stm32.9-2020-q2-update.win32_1.5.0.202011040924/tools/bin/../lib/gcc/arm-none-eabi/9.3.1/thumb/v7e-m+fp/hard/crtbegin.o
                0x000000000800ad9c                PROVIDE (__init_array_end = .)
                0x000000000800ad9c                . = ALIGN (0x4)

.fini_array     0x000000000800ad9c        0x4
                0x000000000800ad9c                . = ALIGN (0x4)
                [!provide]                        PROVIDE (__fini_array_start = .)
 *(SORT_BY_NAME(.fini_array.*))
 *(.fini_array*)
 .fini_array    0x000000000800ad9c        0x4 f:/st/stm32cubeide_1.6.1/stm32cubeide/plugins/com.st.stm32cube.ide.mcu.externaltools.gnu-tools-for-stm32.9-2020-q2-update.win32_1.5.0.202011040924/tools/bin/../lib/gcc/arm-none-eabi/9.3.1/thumb/v7e-m+fp/hard/crtbegin.o
                [!provide]                        PROVIDE (__fini_array_end = .)
                0x000000000800ada0                . = ALIGN (0x4)
                0x000000000800ada0                _sidata = LOADADDR (.data)

.data           0x0000000020000000      0x2a0 load address 0x000000000800ada0
                0x0000000020000000                . = ALIGN (0x4)
                0x0000000020000000                _sdata = .
 *(.data)
 *(.data*)
 .data._ZL31coeffs_iir_biquad_bass_low_weak
                0x0000000020000000       0x28 Core/Src/dsp_iir_biquad_bass.o
 .data._ZL35coeffs_iir_biquad_bass_low_moderate
                0x0000000020000028       0x28 Core/Src/dsp_iir_biquad_bass.o
 .data._ZL33coeffs_iir_biquad_bass_low_strong
                0x0000000020000050       0x28 Core/Src/dsp_iir_biquad_bass.o
 .data._ZL30coeffs_iir_biquad_bass_neutral
                0x0000000020000078       0x28 Core/Src/dsp_iir_biquad_bass.o
 .data._ZL32coeffs_iir_biquad_bass_high_weak
                0x00000000200000a0       0x28 Core/Src/dsp_iir_biquad_bass.o
 .data._ZL36coeffs_iir_biquad_bass_high_moderate
                0x00000000200000c8       0x28 Core/Src/dsp_iir_biquad_bass.o
 .data._ZL34coeffs_iir_biquad_bass_high_strong
                0x00000000200000f0       0x28 Core/Src/dsp_iir_biquad_bass.o
 .data._ZL33coeffs_iir_biquad_treble_low_weak
                0x0000000020000118       0x28 Core/Src/dsp_iir_biquad_treble.o
 .data._ZL37coeffs_iir_biquad_treble_low_moderate
                0x0000000020000140       0x28 Core/Src/dsp_iir_biquad_treble.o
 .data._ZL35coeffs_iir_biquad_treble_low_strong
                0x0000000020000168       0x28 Core/Src/dsp_iir_biquad_treble.o
 .data._ZL32coeffs_iir_biquad_treble_neutral
                0x0000000020000190       0x28 Core/Src/dsp_iir_biquad_treble.o
 .data._ZL34coeffs_iir_biquad_treble_high_weak
                0x00000000200001b8       0x28 Core/Src/dsp_iir_biquad_treble.o
 .data._ZL38coeffs_iir_biquad_treble_high_moderate
                0x00000000200001e0       0x28 Core/Src/dsp_iir_biquad_treble.o
 .data._ZL36coeffs_iir_biquad_treble_high_strong
                0x0000000020000208       0x28 Core/Src/dsp_iir_biquad_treble.o
 .data.SystemCoreClock
                0x0000000020000230        0x4 Core/Src/system_stm32f4xx.o
                0x0000000020000230                SystemCoreClock
 .data.uwTickPrio
                0x0000000020000234        0x4 Drivers/STM32F4xx_HAL_Driver/Src/stm32f4xx_hal.o
                0x0000000020000234                uwTickPrio
 .data.uwTickFreq
                0x0000000020000238        0x1 Drivers/STM32F4xx_HAL_Driver/Src/stm32f4xx_hal.o
                0x0000000020000238                uwTickFreq
 .data.__fdlib_version
                0x0000000020000239        0x1 f:/st/stm32cubeide_1.6.1/stm32cubeide/plugins/com.st.stm32cube.ide.mcu.externaltools.gnu-tools-for-stm32.9-2020-q2-update.win32_1.5.0.202011040924/tools/bin/../lib/gcc/arm-none-eabi/9.3.1/../../../../arm-none-eabi/lib/thumb/v7e-m+fp/hard\libm.a(lib_a-s_lib_ver.o)
                0x0000000020000239                __fdlib_version
 *fill*         0x000000002000023a        0x2 
 .data._impure_ptr
                0x000000002000023c        0x4 f:/st/stm32cubeide_1.6.1/stm32cubeide/plugins/com.st.stm32cube.ide.mcu.externaltools.gnu-tools-for-stm32.9-2020-q2-update.win32_1.5.0.202011040924/tools/bin/../lib/gcc/arm-none-eabi/9.3.1/../../../../arm-none-eabi/lib/thumb/v7e-m+fp/hard\libc_nano.a(lib_a-impure.o)
                0x000000002000023c                _impure_ptr
 .data.impure_data
                0x0000000020000240       0x60 f:/st/stm32cubeide_1.6.1/stm32cubeide/plugins/com.st.stm32cube.ide.mcu.externaltools.gnu-tools-for-stm32.9-2020-q2-update.win32_1.5.0.202011040924/tools/bin/../lib/gcc/arm-none-eabi/9.3.1/../../../../arm-none-eabi/lib/thumb/v7e-m+fp/hard\libc_nano.a(lib_a-impure.o)
 *(.RamFunc)
 *(.RamFunc*)
                0x00000000200002a0                . = ALIGN (0x4)
                0x00000000200002a0                _edata = .

.igot.plt       0x00000000200002a0        0x0 load address 0x000000000800b040
 .igot.plt      0x00000000200002a0        0x0 f:/st/stm32cubeide_1.6.1/stm32cubeide/plugins/com.st.stm32cube.ide.mcu.externaltools.gnu-tools-for-stm32.9-2020-q2-update.win32_1.5.0.202011040924/tools/bin/../lib/gcc/arm-none-eabi/9.3.1/thumb/v7e-m+fp/hard/crtbegin.o
                0x00000000200002a0                . = ALIGN (0x4)

.bss            0x00000000200002a0     0x1ff0 load address 0x000000000800b040
                0x00000000200002a0                _sbss = .
                0x00000000200002a0                __bss_start__ = _sbss
 *(.bss)
 .bss           0x00000000200002a0       0x1c f:/st/stm32cubeide_1.6.1/stm32cubeide/plugins/com.st.stm32cube.ide.mcu.externaltools.gnu-tools-for-stm32.9-2020-q2-update.win32_1.5.0.202011040924/tools/bin/../lib/gcc/arm-none-eabi/9.3.1/thumb/v7e-m+fp/hard/crtbegin.o
 *(.bss*)
 .bss.bass_biquad_intensity_level
                0x00000000200002bc        0x1 Core/Src/dsp_biquad.o
                0x00000000200002bc                bass_biquad_intensity_level
 .bss.treble_biquad_intensity_level
                0x00000000200002bd        0x1 Core/Src/dsp_biquad.o
                0x00000000200002bd                treble_biquad_intensity_level
 *fill*         0x00000000200002be        0x2 
 .bss.bass_biquad_left
                0x00000000200002c0        0x4 Core/Src/dsp_biquad.o
                0x00000000200002c0                bass_biquad_left
 .bss.bass_biquad_right
                0x00000000200002c4        0x4 Core/Src/dsp_biquad.o
                0x00000000200002c4                bass_biquad_right
 .bss.treble_biquad_left
                0x00000000200002c8        0x4 Core/Src/dsp_biquad.o
                0x00000000200002c8                treble_biquad_left
 .bss.treble_biquad_right
                0x00000000200002cc        0x4 Core/Src/dsp_biquad.o
                0x00000000200002cc                treble_biquad_right
 .bss.bass_filter_intensity_level
                0x00000000200002d0        0x1 Core/Src/dsp_filter.o
                0x00000000200002d0                bass_filter_intensity_level
 .bss.treble_filter_intensity_level
                0x00000000200002d1        0x1 Core/Src/dsp_filter.o
                0x00000000200002d1                treble_filter_intensity_level
 *fill*         0x00000000200002d2        0x2 
 .bss.bass_filter_left
                0x00000000200002d4        0x4 Core/Src/dsp_filter.o
                0x00000000200002d4                bass_filter_left
 .bss.bass_filter_right
                0x00000000200002d8        0x4 Core/Src/dsp_filter.o
                0x00000000200002d8                bass_filter_right
 .bss.treble_filter_left
                0x00000000200002dc        0x4 Core/Src/dsp_filter.o
                0x00000000200002dc                treble_filter_left
 .bss.treble_filter_right
                0x00000000200002e0        0x4 Core/Src/dsp_filter.o
                0x00000000200002e0                treble_filter_right
 .bss.arm_inst_bass_left
                0x00000000200002e4        0xc Core/Src/dsp_fir_bass.o
                0x00000000200002e4                arm_inst_bass_left
 .bss.arm_inst_bass_right
                0x00000000200002f0        0xc Core/Src/dsp_fir_bass.o
                0x00000000200002f0                arm_inst_bass_right
 .bss.bass_stateLeft
                0x00000000200002fc      0x27c Core/Src/dsp_fir_bass.o
                0x00000000200002fc                bass_stateLeft
 .bss.bass_stateRight
                0x0000000020000578      0x27c Core/Src/dsp_fir_bass.o
                0x0000000020000578                bass_stateRight
 .bss.arm_inst_treble_left
                0x00000000200007f4        0xc Core/Src/dsp_fir_treble.o
                0x00000000200007f4                arm_inst_treble_left
 .bss.arm_inst_treble_right
                0x0000000020000800        0xc Core/Src/dsp_fir_treble.o
                0x0000000020000800                arm_inst_treble_right
 .bss.treble_stateLeft
                0x000000002000080c      0x27c Core/Src/dsp_fir_treble.o
                0x000000002000080c                treble_stateLeft
 .bss.treble_stateRight
                0x0000000020000a88      0x27c Core/Src/dsp_fir_treble.o
                0x0000000020000a88                treble_stateRight
 .bss.arm_inst_iir_biquad_bass_left
                0x0000000020000d04        0xc Core/Src/dsp_iir_biquad_bass.o
                0x0000000020000d04                arm_inst_iir_biquad_bass_left
 .bss.arm_inst_iir_biquad_bass_right
                0x0000000020000d10        0xc Core/Src/dsp_iir_biquad_bass.o
                0x0000000020000d10                arm_inst_iir_biquad_bass_right
 .bss.iir_biquad_bass_stateLeft
                0x0000000020000d1c       0x10 Core/Src/dsp_iir_biquad_bass.o
                0x0000000020000d1c                iir_biquad_bass_stateLeft
 .bss.iir_biquad_bass_stateRight
                0x0000000020000d2c       0x10 Core/Src/dsp_iir_biquad_bass.o
                0x0000000020000d2c                iir_biquad_bass_stateRight
 .bss.arm_inst_iir_biquad_treble_left
                0x0000000020000d3c        0xc Core/Src/dsp_iir_biquad_treble.o
                0x0000000020000d3c                arm_inst_iir_biquad_treble_left
 .bss.arm_inst_iir_biquad_treble_right
                0x0000000020000d48        0xc Core/Src/dsp_iir_biquad_treble.o
                0x0000000020000d48                arm_inst_iir_biquad_treble_right
 .bss.iir_biquad_treble_stateLeft
                0x0000000020000d54       0x10 Core/Src/dsp_iir_biquad_treble.o
                0x0000000020000d54                iir_biquad_treble_stateLeft
 .bss.iir_biquad_treble_stateRight
                0x0000000020000d64       0x10 Core/Src/dsp_iir_biquad_treble.o
                0x0000000020000d64                iir_biquad_treble_stateRight
 .bss.token_levels
                0x0000000020000d74       0x10 Core/Src/dsp_token.o
                0x0000000020000d74                token_levels
 .bss.buffer    0x0000000020000d84       0x32 Core/Src/global.o
                0x0000000020000d84                buffer
 .bss.timer_count
                0x0000000020000db6        0x1 Core/Src/global.o
                0x0000000020000db6                timer_count
 .bss.buffer_index
                0x0000000020000db7        0x1 Core/Src/global.o
                0x0000000020000db7                buffer_index
 .bss.hi2s2     0x0000000020000db8       0x48 Core/Src/main.o
                0x0000000020000db8                hi2s2
 .bss.hi2s3     0x0000000020000e00       0x48 Core/Src/main.o
                0x0000000020000e00                hi2s3
 .bss.hdma_spi2_rx
                0x0000000020000e48       0x60 Core/Src/main.o
                0x0000000020000e48                hdma_spi2_rx
 .bss.hdma_spi3_tx
                0x0000000020000ea8       0x60 Core/Src/main.o
                0x0000000020000ea8                hdma_spi3_tx
 .bss.htim2     0x0000000020000f08       0x48 Core/Src/main.o
                0x0000000020000f08                htim2
 .bss.huart2    0x0000000020000f50       0x44 Core/Src/main.o
                0x0000000020000f50                huart2
 .bss.rxHalfComplete
                0x0000000020000f94        0x4 Core/Src/main.o
                0x0000000020000f94                rxHalfComplete
 .bss.txHalfComplete
                0x0000000020000f98        0x4 Core/Src/main.o
                0x0000000020000f98                txHalfComplete
 .bss.rxFullComplete
                0x0000000020000f9c        0x4 Core/Src/main.o
                0x0000000020000f9c                rxFullComplete
 .bss.txFullComplete
                0x0000000020000fa0        0x4 Core/Src/main.o
                0x0000000020000fa0                txFullComplete
 .bss.rxBuf     0x0000000020000fa4      0x640 Core/Src/main.o
                0x0000000020000fa4                rxBuf
 .bss.txBuf     0x00000000200015e4      0x640 Core/Src/main.o
                0x00000000200015e4                txBuf
 .bss.srcLeft   0x0000000020001c24      0x190 Core/Src/main.o
                0x0000000020001c24                srcLeft
 .bss.srcRight  0x0000000020001db4      0x190 Core/Src/main.o
                0x0000000020001db4                srcRight
 .bss.destLeft  0x0000000020001f44      0x190 Core/Src/main.o
                0x0000000020001f44                destLeft
 .bss.destRight
                0x00000000200020d4      0x190 Core/Src/main.o
                0x00000000200020d4                destRight
 .bss.mTransmitting
                0x0000000020002264        0x4 Core/Src/stm32f4xx_it.o
                0x0000000020002264                mTransmitting
 .bss.mReceivedMessageComplete
                0x0000000020002268        0x4 Core/Src/stm32f4xx_it.o
                0x0000000020002268                mReceivedMessageComplete
 .bss.__sbrk_heap_end
                0x000000002000226c        0x4 Core/Src/sysmem.o
 .bss._ZN12_GLOBAL__N_113__new_handlerE
                0x0000000020002270        0x4 f:/st/stm32cubeide_1.6.1/stm32cubeide/plugins/com.st.stm32cube.ide.mcu.externaltools.gnu-tools-for-stm32.9-2020-q2-update.win32_1.5.0.202011040924/tools/bin/../lib/gcc/arm-none-eabi/9.3.1/../../../../arm-none-eabi/lib/thumb/v7e-m+fp/hard\libstdc++_nano.a(new_handler.o)
 .bss.__malloc_free_list
                0x0000000020002274        0x4 f:/st/stm32cubeide_1.6.1/stm32cubeide/plugins/com.st.stm32cube.ide.mcu.externaltools.gnu-tools-for-stm32.9-2020-q2-update.win32_1.5.0.202011040924/tools/bin/../lib/gcc/arm-none-eabi/9.3.1/../../../../arm-none-eabi/lib/thumb/v7e-m+fp/hard\libc_nano.a(lib_a-nano-mallocr.o)
                0x0000000020002274                __malloc_free_list
 .bss.__malloc_sbrk_start
                0x0000000020002278        0x4 f:/st/stm32cubeide_1.6.1/stm32cubeide/plugins/com.st.stm32cube.ide.mcu.externaltools.gnu-tools-for-stm32.9-2020-q2-update.win32_1.5.0.202011040924/tools/bin/../lib/gcc/arm-none-eabi/9.3.1/../../../../arm-none-eabi/lib/thumb/v7e-m+fp/hard\libc_nano.a(lib_a-nano-mallocr.o)
                0x0000000020002278                __malloc_sbrk_start
 *(COMMON)
 COMMON         0x000000002000227c        0x4 Drivers/STM32F4xx_HAL_Driver/Src/stm32f4xx_hal.o
                0x000000002000227c                uwTick
 COMMON         0x0000000020002280        0x4 f:/st/stm32cubeide_1.6.1/stm32cubeide/plugins/com.st.stm32cube.ide.mcu.externaltools.gnu-tools-for-stm32.9-2020-q2-update.win32_1.5.0.202011040924/tools/bin/../lib/gcc/arm-none-eabi/9.3.1/../../../../arm-none-eabi/lib/thumb/v7e-m+fp/hard\libc_nano.a(lib_a-reent.o)
                0x0000000020002280                errno
 COMMON         0x0000000020002284        0x9 f:/st/stm32cubeide_1.6.1/stm32cubeide/plugins/com.st.stm32cube.ide.mcu.externaltools.gnu-tools-for-stm32.9-2020-q2-update.win32_1.5.0.202011040924/tools/bin/../lib/gcc/arm-none-eabi/9.3.1/../../../../arm-none-eabi/lib/thumb/v7e-m+fp/hard\libc_nano.a(lib_a-lock.o)
                0x0000000020002284                __lock___atexit_recursive_mutex
                0x0000000020002285                __lock___arc4random_mutex
                0x0000000020002286                __lock___env_recursive_mutex
                0x0000000020002287                __lock___sinit_recursive_mutex
                0x0000000020002288                __lock___malloc_recursive_mutex
                0x0000000020002289                __lock___at_quick_exit_mutex
                0x000000002000228a                __lock___dd_hash_mutex
                0x000000002000228b                __lock___tz_mutex
                0x000000002000228c                __lock___sfp_recursive_mutex
                0x0000000020002290                . = ALIGN (0x4)
 *fill*         0x000000002000228d        0x3 
                0x0000000020002290                _ebss = .
                0x0000000020002290                __bss_end__ = _ebss

._user_heap_stack
                0x0000000020002290      0x600 load address 0x000000000800b040
                0x0000000020002290                . = ALIGN (0x8)
                [!provide]                        PROVIDE (end = .)
                0x0000000020002290                PROVIDE (_end = .)
                0x0000000020002490                . = (. + _Min_Heap_Size)
 *fill*         0x0000000020002290      0x200 
                0x0000000020002890                . = (. + _Min_Stack_Size)
 *fill*         0x0000000020002490      0x400 
                0x0000000020002890                . = ALIGN (0x8)

/DISCARD/
 libc.a(*)
 libm.a(*)
 libgcc.a(*)

.ARM.attributes
                0x0000000000000000       0x30
 *(.ARM.attributes)
 .ARM.attributes
                0x0000000000000000       0x1e f:/st/stm32cubeide_1.6.1/stm32cubeide/plugins/com.st.stm32cube.ide.mcu.externaltools.gnu-tools-for-stm32.9-2020-q2-update.win32_1.5.0.202011040924/tools/bin/../lib/gcc/arm-none-eabi/9.3.1/thumb/v7e-m+fp/hard/crti.o
 .ARM.attributes
                0x000000000000001e       0x34 f:/st/stm32cubeide_1.6.1/stm32cubeide/plugins/com.st.stm32cube.ide.mcu.externaltools.gnu-tools-for-stm32.9-2020-q2-update.win32_1.5.0.202011040924/tools/bin/../lib/gcc/arm-none-eabi/9.3.1/thumb/v7e-m+fp/hard/crtbegin.o
 .ARM.attributes
                0x0000000000000052       0x34 Core/Src/biquad.o
 .ARM.attributes
                0x0000000000000086       0x34 Core/Src/dsp_biquad.o
 .ARM.attributes
                0x00000000000000ba       0x34 Core/Src/dsp_filter.o
 .ARM.attributes
                0x00000000000000ee       0x34 Core/Src/dsp_fir.o
 .ARM.attributes
                0x0000000000000122       0x34 Core/Src/dsp_fir_bass.o
 .ARM.attributes
                0x0000000000000156       0x34 Core/Src/dsp_fir_treble.o
 .ARM.attributes
                0x000000000000018a       0x34 Core/Src/dsp_iir_biquad.o
 .ARM.attributes
                0x00000000000001be       0x34 Core/Src/dsp_iir_biquad_bass.o
 .ARM.attributes
                0x00000000000001f2       0x34 Core/Src/dsp_iir_biquad_treble.o
 .ARM.attributes
                0x0000000000000226       0x34 Core/Src/dsp_main.o
 .ARM.attributes
                0x000000000000025a       0x34 Core/Src/dsp_token.o
 .ARM.attributes
                0x000000000000028e       0x34 Core/Src/dsp_util.o
 .ARM.attributes
                0x00000000000002c2       0x34 Core/Src/filter.o
 .ARM.attributes
                0x00000000000002f6       0x39 Core/Src/global.o
 .ARM.attributes
                0x000000000000032f       0x34 Core/Src/main.o
 .ARM.attributes
                0x0000000000000363       0x34 Core/Src/stm32f4xx_hal_msp.o
 .ARM.attributes
                0x0000000000000397       0x34 Core/Src/stm32f4xx_it.o
 .ARM.attributes
                0x00000000000003cb       0x34 Core/Src/syscalls.o
 .ARM.attributes
                0x00000000000003ff       0x34 Core/Src/sysmem.o
 .ARM.attributes
                0x0000000000000433       0x34 Core/Src/system_stm32f4xx.o
 .ARM.attributes
                0x0000000000000467       0x34 Core/Src/tone_control.o
 .ARM.attributes
                0x000000000000049b       0x21 Core/Startup/startup_stm32f407vgtx.o
 .ARM.attributes
                0x00000000000004bc       0x34 Drivers/STM32F4xx_HAL_Driver/Src/stm32f4xx_hal.o
 .ARM.attributes
                0x00000000000004f0       0x34 Drivers/STM32F4xx_HAL_Driver/Src/stm32f4xx_hal_cortex.o
 .ARM.attributes