dsp_filter.cpp:19:6:void process_dsp_filter(Filter*, float32_t*, float32_t*, int)	40	static
dsp_filter.cpp:33:9:Filter* get_dsp_filter_for_level(tone_intensity_level)	32	static
dsp_filter.cpp:67:6:void set_dsp_filter_bass_for_level(tone_intensity_level)	24	static
dsp_filter.cpp:81:6:void set_dsp_filter_treble_for_level(tone_intensity_level)	24	static
dsp_filter.cpp:95:6:void process_dsp_filter_bass_left(float32_t*, float32_t*, int)	24	static
dsp_filter.cpp:101:6:void process_dsp_filter_bass_right(float32_t*, float32_t*, int)	24	static
dsp_filter.cpp:107:6:void process_dsp_filter_treble_left(float32_t*, float32_t*, int)	24	static
dsp_filter.cpp:113:6:void process_dsp_filter_treble_right(float32_t*, float32_t*, int)	24	static
dsp_filter.cpp:119:6:void init_dsp_filter()	8	static
