main.cpp:105:5:int main()	8	static
main.cpp:186:6:void process_dsp_half(int)	24	static
main.cpp:193:6:void copyRxToSrc(int)	32	static
main.cpp:224:6:void copyDestToTx(int)	40	static
main.cpp:261:6:void SystemClock_Config()	104	static
main.cpp:314:13:void MX_I2S2_Init()	8	static
main.cpp:348:13:void MX_I2S3_Init()	8	static
main.cpp:382:13:void MX_TIM2_Init()	32	static
main.cpp:427:13:void MX_USART2_UART_Init()	8	static
main.cpp:458:13:void MX_DMA_Init()	16	static
main.cpp:479:13:void MX_GPIO_Init()	24	static
main.cpp:489:6:void HAL_I2S_TxCpltCallback(I2S_HandleTypeDef*)	16	static
main.cpp:496:6:void HAL_I2S_RxCpltCallback(I2S_HandleTypeDef*)	16	static
main.cpp:502:6:void HAL_I2S_TxHalfCpltCallback(I2S_HandleTypeDef*)	16	static
main.cpp:509:6:void HAL_I2S_RxHalfCpltCallback(I2S_HandleTypeDef*)	16	static
main.cpp:522:6:void Error_Handler()	4	static
