stm32f4xx_it.cpp:78:6:void NMI_Handler()	4	static
stm32f4xx_it.cpp:93:6:void HardFault_Handler()	4	static
stm32f4xx_it.cpp:108:6:void MemManage_Handler()	4	static
stm32f4xx_it.cpp:123:6:void BusFault_Handler()	4	static
stm32f4xx_it.cpp:138:6:void UsageFault_Handler()	4	static
stm32f4xx_it.cpp:153:6:void SVC_Handler()	4	static
stm32f4xx_it.cpp:166:6:void DebugMon_Handler()	4	static
stm32f4xx_it.cpp:179:6:void PendSV_Handler()	4	static
stm32f4xx_it.cpp:192:6:void SysTick_Handler()	8	static
stm32f4xx_it.cpp:213:6:void DMA1_Stream3_IRQHandler()	8	static
stm32f4xx_it.cpp:227:6:void DMA1_Stream5_IRQHandler()	8	static
stm32f4xx_it.cpp:244:6:void TIM2_IRQHandler()	8	static
stm32f4xx_it.cpp:264:6:void USART2_IRQHandler()	8	static
stm32f4xx_it.cpp:274:6:void HAL_UART_RxCpltCallback(UART_HandleTypeDef*)	16	static
stm32f4xx_it.cpp:287:6:void HAL_UART_TxCpltCallback(UART_HandleTypeDef*)	16	static
stm32f4xx_it.cpp:300:6:void HAL_UART_ErrorCallback(UART_HandleTypeDef*)	16	static
